Archive member included to satisfy reference by file (symbol)

c:/program files (x86)/7.0/toolchain/arm/arm-gnu-toolchain/bin/../lib/gcc/arm-none-eabi/6.3.1/thumb/v7e-m\libgcc.a(_aeabi_uldivmod.o)
                              src/oled/ssd1306.o (__aeabi_uldivmod)
c:/program files (x86)/7.0/toolchain/arm/arm-gnu-toolchain/bin/../lib/gcc/arm-none-eabi/6.3.1/thumb/v7e-m\libgcc.a(_udivmoddi4.o)
                              c:/program files (x86)/7.0/toolchain/arm/arm-gnu-toolchain/bin/../lib/gcc/arm-none-eabi/6.3.1/thumb/v7e-m\libgcc.a(_aeabi_uldivmod.o) (__udivmoddi4)
c:/program files (x86)/7.0/toolchain/arm/arm-gnu-toolchain/bin/../lib/gcc/arm-none-eabi/6.3.1/thumb/v7e-m\libgcc.a(_dvmd_tls.o)
                              c:/program files (x86)/7.0/toolchain/arm/arm-gnu-toolchain/bin/../lib/gcc/arm-none-eabi/6.3.1/thumb/v7e-m\libgcc.a(_aeabi_uldivmod.o) (__aeabi_ldiv0)
c:/program files (x86)/7.0/toolchain/arm/arm-gnu-toolchain/bin/../lib/gcc/arm-none-eabi/6.3.1/../../../../arm-none-eabi/lib/thumb/v7e-m\libc.a(lib_a-exit.o)
                              c:/program files (x86)/7.0/toolchain/arm/arm-gnu-toolchain/bin/../lib/gcc/arm-none-eabi/6.3.1/../../../../arm-none-eabi/lib/thumb/v7e-m/crt0.o (exit)
c:/program files (x86)/7.0/toolchain/arm/arm-gnu-toolchain/bin/../lib/gcc/arm-none-eabi/6.3.1/../../../../arm-none-eabi/lib/thumb/v7e-m\libc.a(lib_a-impure.o)
                              c:/program files (x86)/7.0/toolchain/arm/arm-gnu-toolchain/bin/../lib/gcc/arm-none-eabi/6.3.1/../../../../arm-none-eabi/lib/thumb/v7e-m\libc.a(lib_a-exit.o) (_global_impure_ptr)
c:/program files (x86)/7.0/toolchain/arm/arm-gnu-toolchain/bin/../lib/gcc/arm-none-eabi/6.3.1/../../../../arm-none-eabi/lib/thumb/v7e-m\libc.a(lib_a-init.o)
                              c:/program files (x86)/7.0/toolchain/arm/arm-gnu-toolchain/bin/../lib/gcc/arm-none-eabi/6.3.1/../../../../arm-none-eabi/lib/thumb/v7e-m/crt0.o (__libc_init_array)
c:/program files (x86)/7.0/toolchain/arm/arm-gnu-toolchain/bin/../lib/gcc/arm-none-eabi/6.3.1/../../../../arm-none-eabi/lib/thumb/v7e-m\libc.a(lib_a-memset.o)
                              c:/program files (x86)/7.0/toolchain/arm/arm-gnu-toolchain/bin/../lib/gcc/arm-none-eabi/6.3.1/../../../../arm-none-eabi/lib/thumb/v7e-m/crt0.o (memset)
c:/program files (x86)/7.0/toolchain/arm/arm-gnu-toolchain/bin/../lib/gcc/arm-none-eabi/6.3.1/../../../../arm-none-eabi/lib/thumb/v7e-m\libc.a(lib_a-__call_atexit.o)
                              c:/program files (x86)/7.0/toolchain/arm/arm-gnu-toolchain/bin/../lib/gcc/arm-none-eabi/6.3.1/../../../../arm-none-eabi/lib/thumb/v7e-m\libc.a(lib_a-exit.o) (__call_exitprocs)
c:/program files (x86)/7.0/toolchain/arm/arm-gnu-toolchain/bin/../lib/gcc/arm-none-eabi/6.3.1/../../../../arm-none-eabi/lib/thumb/v7e-m\libc.a(lib_a-atexit.o)
                              c:/program files (x86)/7.0/toolchain/arm/arm-gnu-toolchain/bin/../lib/gcc/arm-none-eabi/6.3.1/../../../../arm-none-eabi/lib/thumb/v7e-m\libc.a(lib_a-__call_atexit.o) (atexit)
c:/program files (x86)/7.0/toolchain/arm/arm-gnu-toolchain/bin/../lib/gcc/arm-none-eabi/6.3.1/../../../../arm-none-eabi/lib/thumb/v7e-m\libc.a(lib_a-fini.o)
                              c:/program files (x86)/7.0/toolchain/arm/arm-gnu-toolchain/bin/../lib/gcc/arm-none-eabi/6.3.1/../../../../arm-none-eabi/lib/thumb/v7e-m\libc.a(lib_a-__call_atexit.o) (__libc_fini_array)
c:/program files (x86)/7.0/toolchain/arm/arm-gnu-toolchain/bin/../lib/gcc/arm-none-eabi/6.3.1/../../../../arm-none-eabi/lib/thumb/v7e-m\libc.a(lib_a-lock.o)
                              c:/program files (x86)/7.0/toolchain/arm/arm-gnu-toolchain/bin/../lib/gcc/arm-none-eabi/6.3.1/../../../../arm-none-eabi/lib/thumb/v7e-m\libc.a(lib_a-__call_atexit.o) (__retarget_lock_acquire_recursive)
c:/program files (x86)/7.0/toolchain/arm/arm-gnu-toolchain/bin/../lib/gcc/arm-none-eabi/6.3.1/../../../../arm-none-eabi/lib/thumb/v7e-m\libc.a(lib_a-__atexit.o)
                              c:/program files (x86)/7.0/toolchain/arm/arm-gnu-toolchain/bin/../lib/gcc/arm-none-eabi/6.3.1/../../../../arm-none-eabi/lib/thumb/v7e-m\libc.a(lib_a-atexit.o) (__register_exitproc)

Allocating common symbols
Common symbol       size              file

__lock___atexit_recursive_mutex
                    0x1               c:/program files (x86)/7.0/toolchain/arm/arm-gnu-toolchain/bin/../lib/gcc/arm-none-eabi/6.3.1/../../../../arm-none-eabi/lib/thumb/v7e-m\libc.a(lib_a-lock.o)
but1_flag           0x1               src/main.o
__lock___arc4random_mutex
                    0x1               c:/program files (x86)/7.0/toolchain/arm/arm-gnu-toolchain/bin/../lib/gcc/arm-none-eabi/6.3.1/../../../../arm-none-eabi/lib/thumb/v7e-m\libc.a(lib_a-lock.o)
__lock___env_recursive_mutex
                    0x1               c:/program files (x86)/7.0/toolchain/arm/arm-gnu-toolchain/bin/../lib/gcc/arm-none-eabi/6.3.1/../../../../arm-none-eabi/lib/thumb/v7e-m\libc.a(lib_a-lock.o)
__lock___sinit_recursive_mutex
[...]
Memory Configuration

Name             Origin             Length             Attributes
rom              0x00400000         0x00200000         xr
ram              0x20400000         0x00060000         xrw
*default*        0x00000000         0xffffffff

Linker script and memory map

LOAD c:/program files (x86)/7.0/toolchain/arm/arm-gnu-toolchain/bin/../lib/gcc/arm-none-eabi/6.3.1/thumb/v7e-m/crti.o
LOAD c:/program files (x86)/7.0/toolchain/arm/arm-gnu-toolchain/bin/../lib/gcc/arm-none-eabi/6.3.1/thumb/v7e-m/crtbegin.o
LOAD c:/program files (x86)/7.0/toolchain/arm/arm-gnu-toolchain/bin/../lib/gcc/arm-none-eabi/6.3.1/../../../../arm-none-eabi/lib/thumb/v7e-m/crt0.o
LOAD src/ASF/sam/drivers/rtc/rtc.o
LOAD src/helpers/extra_helpers.o
LOAD src/helpers/helpers.o
LOAD src/helpers/oled_helpers.o
LOAD src/ASF/sam/drivers/rtt/rtt.o
LOAD src/ASF/sam/drivers/spi/spi.o
LOAD src/ASF/sam/drivers/tc/tc.o
LOAD src/oled/gfx_mono_framebuffer.o
LOAD src/oled/gfx_mono_generic.o
LOAD src/oled/gfx_mono_text.o
LOAD src/oled/gfx_mono_ug_2832hsweg04.o
LOAD src/oled/ssd1306.o
LOAD src/oled/sysfont.o
LOAD src/ASF/common/services/delay/sam/cycle_counter.o
LOAD src/ASF/common/services/clock/same70/sysclk.o
LOAD src/ASF/common/utils/interrupt/interrupt_sam_nvic.o
LOAD src/ASF/sam/boards/same70_xplained/init.o
LOAD src/ASF/sam/drivers/mpu/mpu.o
LOAD src/ASF/sam/drivers/pio/pio.o
LOAD src/ASF/sam/drivers/pio/pio_handler.o
LOAD src/ASF/sam/drivers/pmc/pmc.o
LOAD src/ASF/sam/drivers/pmc/sleep.o
LOAD src/ASF/sam/utils/cmsis/same70/source/templates/gcc/startup_same70.o
LOAD src/ASF/sam/utils/cmsis/same70/source/templates/system_same70.o
LOAD src/ASF/sam/utils/syscalls/gcc/syscalls.o
LOAD src/main.o
START GROUP
LOAD ../src/ASF/thirdparty/CMSIS/Lib/GCC\libarm_cortexM7lfsp_math_softfp.a
LOAD c:/program files (x86)/7.0/toolchain/arm/arm-gnu-toolchain/bin/../lib/gcc/arm-none-eabi/6.3.1/../../../../arm-none-eabi/lib/thumb/v7e-m\libm.a
END GROUP
START GROUP
LOAD c:/program files (x86)/7.0/toolchain/arm/arm-gnu-toolchain/bin/../lib/gcc/arm-none-eabi/6.3.1/thumb/v7e-m\libgcc.a
LOAD c:/program files (x86)/7.0/toolchain/arm/arm-gnu-toolchain/bin/../lib/gcc/arm-none-eabi/6.3.1/../../../../arm-none-eabi/lib/thumb/v7e-m\libc.a
END GROUP
LOAD c:/program files (x86)/7.0/toolchain/arm/arm-gnu-toolchain/bin/../lib/gcc/arm-none-eabi/6.3.1/thumb/v7e-m/crtend.o
LOAD c:/program files (x86)/7.0/toolchain/arm/arm-gnu-toolchain/bin/../lib/gcc/arm-none-eabi/6.3.1/thumb/v7e-m/crtn.o
                0x00002000                STACK_SIZE = DEFINED (STACK_SIZE)?STACK_SIZE:0x2000
                0x2045fffc                __ram_end__ = ((ORIGIN (ram) + LENGTH (ram)) - 0x4)
                0x00000200                HEAP_SIZE = DEFINED (HEAP_SIZE)?HEAP_SIZE:0x200

.text           0x00400000     0x2e1c
                0x00400000                . = ALIGN (0x4)
                0x00400000                _sfixed = .
 *(.vectors .vectors.*)
 .vectors       0x00400000      0x140 src/ASF/sam/utils/cmsis/same70/source/templates/gcc/startup_same70.o
                0x00400000                exception_table
 *(.text .text.* .gnu.linkonce.t.*)
 .text          0x00400140       0x6c c:/program files (x86)/7.0/toolchain/arm/arm-gnu-toolchain/bin/../lib/gcc/arm-none-eabi/6.3.1/thumb/v7e-m/crtbegin.o
 .text.NVIC_EnableIRQ
                0x004001ac       0x34 src/helpers/helpers.o
 .text.NVIC_SetPriority
                0x004001e0       0x54 src/helpers/helpers.o
 .text.osc_get_rate
                0x00400234       0x74 src/helpers/helpers.o
 .text.sysclk_get_main_hz
                0x004002a8       0x20 src/helpers/helpers.o
 .text.sysclk_get_cpu_hz
                0x004002c8       0x14 src/helpers/helpers.o
 .text.TC_init  0x004002dc       0xa4 src/helpers/helpers.o
                0x004002dc                TC_init
 .text.config_button
                0x00400380       0xac src/helpers/helpers.o
                0x00400380                config_button
 .text.rtt_get_status
                0x0040042c       0x18 src/ASF/sam/drivers/rtt/rtt.o
                0x0040042c                rtt_get_status
 .text.spi_get_peripheral_select_mode
                0x00400444       0x26 src/ASF/sam/drivers/spi/spi.o
 *fill*         0x0040046a        0x2 
 .text.sysclk_enable_peripheral_clock
                0x0040046c       0x1c src/ASF/sam/drivers/spi/spi.o
 .text.spi_enable_clock
                0x00400488       0x3c src/ASF/sam/drivers/spi/spi.o
                0x00400488                spi_enable_clock
 .text.spi_set_peripheral_chip_select_value
                0x004004c4       0x34 src/ASF/sam/drivers/spi/spi.o
                0x004004c4                spi_set_peripheral_chip_select_value
 .text.spi_write
                0x004004f8       0x80 src/ASF/sam/drivers/spi/spi.o
                0x004004f8                spi_write
 .text.spi_set_clock_polarity
                0x00400578       0x50 src/ASF/sam/drivers/spi/spi.o
                0x00400578                spi_set_clock_polarity
 .text.spi_set_clock_phase
                0x004005c8       0x50 src/ASF/sam/drivers/spi/spi.o
                0x004005c8                spi_set_clock_phase
 .text.spi_configure_cs_behavior
                0x00400618       0xa6 src/ASF/sam/drivers/spi/spi.o
                0x00400618                spi_configure_cs_behavior
 .text.spi_set_bits_per_transfer
                0x004006be       0x4a src/ASF/sam/drivers/spi/spi.o
                0x004006be                spi_set_bits_per_transfer
 .text.spi_calc_baudrate_div
                0x00400708       0x3c src/ASF/sam/drivers/spi/spi.o
                0x00400708                spi_calc_baudrate_div
 .text.spi_set_baudrate_div
                0x00400744       0x5e src/ASF/sam/drivers/spi/spi.o
                0x00400744                spi_set_baudrate_div
 .text.tc_init  0x004007a2       0x3a src/ASF/sam/drivers/tc/tc.o
                0x004007a2                tc_init
 .text.tc_write_rc
                0x004007dc       0x26 src/ASF/sam/drivers/tc/tc.o
                0x004007dc                tc_write_rc
 .text.tc_enable_interrupt
                0x00400802       0x28 src/ASF/sam/drivers/tc/tc.o
                0x00400802                tc_enable_interrupt
 .text.tc_get_status
                0x0040082a       0x24 src/ASF/sam/drivers/tc/tc.o
                0x0040082a                tc_get_status
 .text.tc_find_mck_divisor
                0x0040084e       0xa6 src/ASF/sam/drivers/tc/tc.o
                0x0040084e                tc_find_mck_divisor
 .text.gfx_mono_set_framebuffer
                0x004008f4       0x20 src/oled/gfx_mono_framebuffer.o
                0x004008f4                gfx_mono_set_framebuffer
 .text.gfx_mono_framebuffer_put_byte
                0x00400914       0x38 src/oled/gfx_mono_framebuffer.o
                0x00400914                gfx_mono_framebuffer_put_byte
 .text.gfx_mono_framebuffer_get_byte
                0x0040094c       0x34 src/oled/gfx_mono_framebuffer.o
                0x0040094c                gfx_mono_framebuffer_get_byte
 .text.ssd1306_set_page_address
                0x00400980       0x2c src/oled/gfx_mono_ug_2832hsweg04.o
 .text.ssd1306_set_column_address
                0x004009ac       0x40 src/oled/gfx_mono_ug_2832hsweg04.o
 .text.ssd1306_set_display_start_line_address
                0x004009ec       0x2c src/oled/gfx_mono_ug_2832hsweg04.o
 .text.gfx_mono_ssd1306_init
                0x00400a18       0x64 src/oled/gfx_mono_ug_2832hsweg04.o
                0x00400a18                gfx_mono_ssd1306_init
 .text.gfx_mono_ssd1306_put_byte
                0x00400a7c       0x84 src/oled/gfx_mono_ug_2832hsweg04.o
                0x00400a7c                gfx_mono_ssd1306_put_byte
 .text.osc_get_rate
                0x00400b00       0x74 src/oled/ssd1306.o
 .text.sysclk_get_main_hz
                0x00400b74       0x20 src/oled/ssd1306.o
 .text.sysclk_get_cpu_hz
                0x00400b94       0x14 src/oled/ssd1306.o
 .text.sysclk_get_peripheral_hz
                0x00400ba8       0x14 src/oled/ssd1306.o
 .text.ioport_enable_pin
                0x00400bbc       0x4c src/oled/ssd1306.o
 .text.ioport_set_pin_mode
                0x00400c08      0x11c src/oled/ssd1306.o
 .text.ioport_set_pin_dir
                0x00400d24       0x88 src/oled/ssd1306.o
 .text.ioport_set_pin_level
                0x00400dac       0x6c src/oled/ssd1306.o
 .text.spi_reset
                0x00400e18       0x1a src/oled/ssd1306.o
 .text.spi_enable
                0x00400e32       0x1a src/oled/ssd1306.o
 .text.spi_disable
                0x00400e4c       0x1a src/oled/ssd1306.o
 .text.spi_set_master_mode
                0x00400e66       0x20 src/oled/ssd1306.o
 .text.spi_set_fixed_peripheral_select
                0x00400e86       0x20 src/oled/ssd1306.o
 .text.spi_disable_mode_fault_detect
                0x00400ea6       0x20 src/oled/ssd1306.o
 .text.spi_disable_loopback
                0x00400ec6       0x20 src/oled/ssd1306.o
 *fill*         0x00400ee6        0x2 
 .text.ssd1306_hard_reset
                0x00400ee8       0x54 src/oled/ssd1306.o
 .text.ssd1306_display_on
                0x00400f3c       0x14 src/oled/ssd1306.o
 .text.ssd1306_set_contrast
                0x00400f50       0x28 src/oled/ssd1306.o
 .text.ssd1306_display_invert_disable
                0x00400f78       0x14 src/oled/ssd1306.o
 .text.ssd1306_interface_init
                0x00400f8c      0x180 src/oled/ssd1306.o
 .text.ssd1306_init
                0x0040110c       0xb0 src/oled/ssd1306.o
                0x0040110c                ssd1306_init
 .text.ssd1306_write_command
                0x004011bc       0xa4 src/oled/ssd1306.o
                0x004011bc                ssd1306_write_command
 .text.ssd1306_write_data
                0x00401260       0xa4 src/oled/ssd1306.o
                0x00401260                ssd1306_write_data
 .text.osc_enable
                0x00401304       0x88 src/ASF/common/services/clock/same70/sysclk.o
 .text.osc_is_ready
                0x0040138c       0x70 src/ASF/common/services/clock/same70/sysclk.o
 .text.osc_get_rate
                0x004013fc       0x74 src/ASF/common/services/clock/same70/sysclk.o
 .text.osc_wait_ready
                0x00401470       0x2c src/ASF/common/services/clock/same70/sysclk.o
 .text.pll_config_init
                0x0040149c       0x6c src/ASF/common/services/clock/same70/sysclk.o
 .text.pll_enable
                0x00401508       0x40 src/ASF/common/services/clock/same70/sysclk.o
 .text.pll_is_locked
                0x00401548       0x2c src/ASF/common/services/clock/same70/sysclk.o
 .text.pll_enable_source
                0x00401574       0x38 src/ASF/common/services/clock/same70/sysclk.o
 .text.pll_wait_for_lock
                0x004015ac       0x24 src/ASF/common/services/clock/same70/sysclk.o
 .text.sysclk_get_main_hz
                0x004015d0       0x20 src/ASF/common/services/clock/same70/sysclk.o
 .text.sysclk_get_cpu_hz
                0x004015f0       0x14 src/ASF/common/services/clock/same70/sysclk.o
 .text.sysclk_init
                0x00401604       0x7c src/ASF/common/services/clock/same70/sysclk.o
                0x00401604                sysclk_init
 .text.SCB_EnableICache
                0x00401680       0x38 src/ASF/sam/boards/same70_xplained/init.o
 .text.SCB_EnableDCache
                0x004016b8       0xa4 src/ASF/sam/boards/same70_xplained/init.o
 .text.sysclk_enable_peripheral_clock
                0x0040175c       0x1c src/ASF/sam/boards/same70_xplained/init.o
 .text.ioport_init
                0x00401778       0x2c src/ASF/sam/boards/same70_xplained/init.o
 .text.ioport_set_pin_mode
                0x004017a4      0x11c src/ASF/sam/boards/same70_xplained/init.o
 .text.ioport_set_pin_dir
                0x004018c0       0x88 src/ASF/sam/boards/same70_xplained/init.o
 .text.ioport_set_pin_level
                0x00401948       0x6c src/ASF/sam/boards/same70_xplained/init.o
 .text.ioport_set_pin_sense_mode
                0x004019b4       0xd0 src/ASF/sam/boards/same70_xplained/init.o
 .text.tcm_disable
                0x00401a84       0x44 src/ASF/sam/boards/same70_xplained/init.o
 .text.board_init
                0x00401ac8       0x84 src/ASF/sam/boards/same70_xplained/init.o
                0x00401ac8                board_init
 .text.pio_pull_up
                0x00401b4c       0x2c src/ASF/sam/drivers/pio/pio.o
                0x00401b4c                pio_pull_up
 .text.pio_set_debounce_filter
                0x00401b78       0x38 src/ASF/sam/drivers/pio/pio.o
                0x00401b78                pio_set_debounce_filter
 .text.pio_set_peripheral
                0x00401bb0      0x110 src/ASF/sam/drivers/pio/pio.o
                0x00401bb0                pio_set_peripheral
 .text.pio_set_input
                0x00401cc0       0x80 src/ASF/sam/drivers/pio/pio.o
                0x00401cc0                pio_set_input
 .text.pio_set_output
                0x00401d40       0x64 src/ASF/sam/drivers/pio/pio.o
                0x00401d40                pio_set_output
 .text.pio_configure
                0x00401da4       0xcc src/ASF/sam/drivers/pio/pio.o
                0x00401da4                pio_configure
 .text.pio_configure_interrupt
                0x00401e70       0x6c src/ASF/sam/drivers/pio/pio.o
                0x00401e70                pio_configure_interrupt
 .text.pio_enable_interrupt
                0x00401edc       0x1c src/ASF/sam/drivers/pio/pio.o
                0x00401edc                pio_enable_interrupt
 .text.pio_disable_interrupt
                0x00401ef8       0x1c src/ASF/sam/drivers/pio/pio.o
                0x00401ef8                pio_disable_interrupt
 .text.pio_get_interrupt_status
                0x00401f14       0x18 src/ASF/sam/drivers/pio/pio.o
                0x00401f14                pio_get_interrupt_status
 .text.pio_get_interrupt_mask
                0x00401f2c       0x18 src/ASF/sam/drivers/pio/pio.o
                0x00401f2c                pio_get_interrupt_mask
 .text.pio_handler_process
                0x00401f44       0xb4 src/ASF/sam/drivers/pio/pio_handler.o
                0x00401f44                pio_handler_process
 .text.pio_handler_set
                0x00401ff8       0xa0 src/ASF/sam/drivers/pio/pio_handler.o
                0x00401ff8                pio_handler_set
 .text.PIOA_Handler
                0x00402098       0x18 src/ASF/sam/drivers/pio/pio_handler.o
                0x00402098                PIOA_Handler
 .text.PIOB_Handler
                0x004020b0       0x18 src/ASF/sam/drivers/pio/pio_handler.o
                0x004020b0                PIOB_Handler
 .text.PIOC_Handler
                0x004020c8       0x18 src/ASF/sam/drivers/pio/pio_handler.o
                0x004020c8                PIOC_Handler
 .text.PIOD_Handler
                0x004020e0       0x18 src/ASF/sam/drivers/pio/pio_handler.o
                0x004020e0                PIOD_Handler
 .text.PIOE_Handler
                0x004020f8       0x18 src/ASF/sam/drivers/pio/pio_handler.o
                0x004020f8                PIOE_Handler
 .text.pmc_mck_set_division
                0x00402110       0x7c src/ASF/sam/drivers/pmc/pmc.o
                0x00402110                pmc_mck_set_division
 .text.pmc_switch_mck_to_pllack
                0x0040218c       0x84 src/ASF/sam/drivers/pmc/pmc.o
                0x0040218c                pmc_switch_mck_to_pllack
 .text.pmc_switch_sclk_to_32kxtal
                0x00402210       0x38 src/ASF/sam/drivers/pmc/pmc.o
                0x00402210                pmc_switch_sclk_to_32kxtal
 .text.pmc_osc_is_ready_32kxtal
                0x00402248       0x34 src/ASF/sam/drivers/pmc/pmc.o
                0x00402248                pmc_osc_is_ready_32kxtal
 .text.pmc_switch_mainck_to_fastrc
                0x0040227c       0x70 src/ASF/sam/drivers/pmc/pmc.o
                0x0040227c                pmc_switch_mainck_to_fastrc
 .text.pmc_switch_mainck_to_xtal
                0x004022ec       0x78 src/ASF/sam/drivers/pmc/pmc.o
                0x004022ec                pmc_switch_mainck_to_xtal
 .text.pmc_osc_is_ready_mainck
                0x00402364       0x1c src/ASF/sam/drivers/pmc/pmc.o
                0x00402364                pmc_osc_is_ready_mainck
 .text.pmc_disable_pllack
                0x00402380       0x1c src/ASF/sam/drivers/pmc/pmc.o
                0x00402380                pmc_disable_pllack
 .text.pmc_is_locked_pllack
                0x0040239c       0x1c src/ASF/sam/drivers/pmc/pmc.o
                0x0040239c                pmc_is_locked_pllack
 .text.pmc_is_locked_upll
                0x004023b8       0x1c src/ASF/sam/drivers/pmc/pmc.o
                0x004023b8                pmc_is_locked_upll
 .text.pmc_enable_periph_clk
                0x004023d4       0x84 src/ASF/sam/drivers/pmc/pmc.o
                0x004023d4                pmc_enable_periph_clk
 .text.cpu_irq_save
                0x00402458       0x38 src/ASF/sam/utils/cmsis/same70/source/templates/gcc/startup_same70.o
 .text.cpu_irq_is_enabled_flags
                0x00402490       0x20 src/ASF/sam/utils/cmsis/same70/source/templates/gcc/startup_same70.o
 .text.cpu_irq_restore
                0x004024b0       0x30 src/ASF/sam/utils/cmsis/same70/source/templates/gcc/startup_same70.o
 .text.Reset_Handler
                0x004024e0       0xb0 src/ASF/sam/utils/cmsis/same70/source/templates/gcc/startup_same70.o
                0x004024e0                Reset_Handler
 .text.Dummy_Handler
                0x00402590        0x6 src/ASF/sam/utils/cmsis/same70/source/templates/gcc/startup_same70.o
                0x00402590                DACC_Handler
                0x00402590                DebugMon_Handler
                0x00402590                UART3_Handler
                0x00402590                UART2_Handler
                0x00402590                TRNG_Handler
                0x00402590                HardFault_Handler
                0x00402590                TC2_Handler
                0x00402590                SysTick_Handler
                0x00402590                AFEC1_Handler
                0x00402590                PendSV_Handler
                0x00402590                NMI_Handler
                0x00402590                TC7_Handler
                0x00402590                QSPI_Handler
                0x00402590                ISI_Handler
                0x00402590                TC9_Handler
                0x00402590                RSWDT_Handler
                0x00402590                MCAN1_Handler
                0x00402590                USART0_Handler
                0x00402590                USBHS_Handler
                0x00402590                RTC_Handler
                0x00402590                UsageFault_Handler
                0x00402590                TC6_Handler
                0x00402590                WDT_Handler
                0x00402590                TC4_Handler
                0x00402590                HSMCI_Handler
                0x00402590                UART1_Handler
                0x00402590                TC3_Handler
                0x00402590                Dummy_Handler
                0x00402590                TWIHS1_Handler
                0x00402590                XDMAC_Handler
                0x00402590                UART4_Handler
                0x00402590                PWM1_Handler
                0x00402590                USART1_Handler
                0x00402590                PWM0_Handler
                0x00402590                AFEC0_Handler
                0x00402590                TC11_Handler
                0x00402590                SSC_Handler
                0x00402590                ACC_Handler
                0x00402590                PMC_Handler
                0x00402590                GMAC_Handler
                0x00402590                MemManage_Handler
                0x00402590                SUPC_Handler
                0x00402590                SVC_Handler
                0x00402590                TC8_Handler
                0x00402590                EFC_Handler
                0x00402590                USART2_Handler
                0x00402590                SDRAMC_Handler
                0x00402590                SPI1_Handler
                0x00402590                MCAN0_Handler
                0x00402590                TC10_Handler
                0x00402590                TWIHS2_Handler
                0x00402590                UART0_Handler
                0x00402590                BusFault_Handler
                0x00402590                RSTC_Handler
                0x00402590                TC5_Handler
                0x00402590                AES_Handler
                0x00402590                ICM_Handler
                0x00402590                TWIHS0_Handler
                0x00402590                SPI0_Handler
 *fill*         0x00402596        0x2 
 .text.SystemCoreClockUpdate
                0x00402598      0x168 src/ASF/sam/utils/cmsis/same70/source/templates/system_same70.o
                0x00402598                SystemCoreClockUpdate
 .text.system_init_flash
                0x00402700       0xb0 src/ASF/sam/utils/cmsis/same70/source/templates/system_same70.o
                0x00402700                system_init_flash
 .text.but1_callback
                0x004027b0       0x18 src/main.o
                0x004027b0                but1_callback
 .text.but2_callback
                0x004027c8       0x18 src/main.o
                0x004027c8                but2_callback
 .text.but3_callback
                0x004027e0       0x18 src/main.o
                0x004027e0                but3_callback
 .text.RTT_Handler
                0x004027f8       0x34 src/main.o
                0x004027f8                RTT_Handler
 .text.TC0_Handler
                0x0040282c       0x24 src/main.o
                0x0040282c                TC0_Handler
 .text.TC1_Handler
                0x00402850       0x24 src/main.o
                0x00402850                TC1_Handler
 .text.io_init  0x00402874       0xb8 src/main.o
                0x00402874                io_init
 .text.main     0x0040292c       0x48 src/main.o
                0x0040292c                main
 .text          0x00402974       0x30 c:/program files (x86)/7.0/toolchain/arm/arm-gnu-toolchain/bin/../lib/gcc/arm-none-eabi/6.3.1/thumb/v7e-m\libgcc.a(_aeabi_uldivmod.o)
                0x00402974                __aeabi_uldivmod
 .text          0x004029a4      0x2dc c:/program files (x86)/7.0/toolchain/arm/arm-gnu-toolchain/bin/../lib/gcc/arm-none-eabi/6.3.1/thumb/v7e-m\libgcc.a(_udivmoddi4.o)
                0x004029a4                __udivmoddi4
 .text          0x00402c80        0x4 c:/program files (x86)/7.0/toolchain/arm/arm-gnu-toolchain/bin/../lib/gcc/arm-none-eabi/6.3.1/thumb/v7e-m\libgcc.a(_dvmd_tls.o)
                0x00402c80                __aeabi_idiv0
                0x00402c80                __aeabi_ldiv0
 .text.__libc_init_array
                0x00402c84       0x50 c:/program files (x86)/7.0/toolchain/arm/arm-gnu-toolchain/bin/../lib/gcc/arm-none-eabi/6.3.1/../../../../arm-none-eabi/lib/thumb/v7e-m\libc.a(lib_a-init.o)
                0x00402c84                __libc_init_array
 .text.startup.register_fini
                0x00402cd4       0x14 c:/program files (x86)/7.0/toolchain/arm/arm-gnu-toolchain/bin/../lib/gcc/arm-none-eabi/6.3.1/../../../../arm-none-eabi/lib/thumb/v7e-m\libc.a(lib_a-__call_atexit.o)
 .text.atexit   0x00402ce8        0xc c:/program files (x86)/7.0/toolchain/arm/arm-gnu-toolchain/bin/../lib/gcc/arm-none-eabi/6.3.1/../../../../arm-none-eabi/lib/thumb/v7e-m\libc.a(lib_a-atexit.o)
                0x00402ce8                atexit
 .text.__libc_fini_array
                0x00402cf4       0x34 c:/program files (x86)/7.0/toolchain/arm/arm-gnu-toolchain/bin/../lib/gcc/arm-none-eabi/6.3.1/../../../../arm-none-eabi/lib/thumb/v7e-m\libc.a(lib_a-fini.o)
                0x00402cf4                __libc_fini_array
 .text.__retarget_lock_acquire_recursive
                0x00402d28        0x4 c:/program files (x86)/7.0/toolchain/arm/arm-gnu-toolchain/bin/../lib/gcc/arm-none-eabi/6.3.1/../../../../arm-none-eabi/lib/thumb/v7e-m\libc.a(lib_a-lock.o)
                0x00402d28                __retarget_lock_acquire_recursive
 .text.__retarget_lock_release_recursive
                0x00402d2c        0x4 c:/program files (x86)/7.0/toolchain/arm/arm-gnu-toolchain/bin/../lib/gcc/arm-none-eabi/6.3.1/../../../../arm-none-eabi/lib/thumb/v7e-m\libc.a(lib_a-lock.o)
                0x00402d2c                __retarget_lock_release_recursive
 .text.__register_exitproc
                0x00402d30       0xc4 c:/program files (x86)/7.0/toolchain/arm/arm-gnu-toolchain/bin/../lib/gcc/arm-none-eabi/6.3.1/../../../../arm-none-eabi/lib/thumb/v7e-m\libc.a(lib_a-__atexit.o)
                0x00402d30                __register_exitproc
 *(.glue_7t)
 .glue_7t       0x00402df4        0x0 linker stubs
 *(.glue_7)
 .glue_7        0x00402df4        0x0 linker stubs
 *(.rodata .rodata* .gnu.linkonce.r.*)
 .rodata._global_impure_ptr
                0x00402df4        0x4 c:/program files (x86)/7.0/toolchain/arm/arm-gnu-toolchain/bin/../lib/gcc/arm-none-eabi/6.3.1/../../../../arm-none-eabi/lib/thumb/v7e-m\libc.a(lib_a-impure.o)
                0x00402df4                _global_impure_ptr
 *(.ARM.extab* .gnu.linkonce.armextab.*)
                0x00402df8                . = ALIGN (0x4)
 *(.init)
 .init          0x00402df8        0x4 c:/program files (x86)/7.0/toolchain/arm/arm-gnu-toolchain/bin/../lib/gcc/arm-none-eabi/6.3.1/thumb/v7e-m/crti.o
                0x00402df8                _init
 .init          0x00402dfc        0x8 c:/program files (x86)/7.0/toolchain/arm/arm-gnu-toolchain/bin/../lib/gcc/arm-none-eabi/6.3.1/thumb/v7e-m/crtn.o
                0x00402e04                . = ALIGN (0x4)
                0x00402e04                __preinit_array_start = .
 *(.preinit_array)
                0x00402e04                __preinit_array_end = .
                0x00402e04                . = ALIGN (0x4)
                0x00402e04                __init_array_start = .
 *(SORT(.init_array.*))
 .init_array.00000
                0x00402e04        0x4 c:/program files (x86)/7.0/toolchain/arm/arm-gnu-toolchain/bin/../lib/gcc/arm-none-eabi/6.3.1/../../../../arm-none-eabi/lib/thumb/v7e-m\libc.a(lib_a-__call_atexit.o)
 *(.init_array)
 .init_array    0x00402e08        0x4 c:/program files (x86)/7.0/toolchain/arm/arm-gnu-toolchain/bin/../lib/gcc/arm-none-eabi/6.3.1/thumb/v7e-m/crtbegin.o
                0x00402e0c                __init_array_end = .
                0x00402e0c                . = ALIGN (0x4)
 *crtbegin.o(.ctors)
 *(EXCLUDE_FILE(*crtend.o) .ctors)
 *(SORT(.ctors.*))
 *crtend.o(.ctors)
                0x00402e0c                . = ALIGN (0x4)
 *(.fini)
 .fini          0x00402e0c        0x4 c:/program files (x86)/7.0/toolchain/arm/arm-gnu-toolchain/bin/../lib/gcc/arm-none-eabi/6.3.1/thumb/v7e-m/crti.o
                0x00402e0c                _fini
 .fini          0x00402e10        0x8 c:/program files (x86)/7.0/toolchain/arm/arm-gnu-toolchain/bin/../lib/gcc/arm-none-eabi/6.3.1/thumb/v7e-m/crtn.o
                0x00402e18                . = ALIGN (0x4)
                0x00402e18                __fini_array_start = .
 *(.fini_array)
 .fini_array    0x00402e18        0x4 c:/program files (x86)/7.0/toolchain/arm/arm-gnu-toolchain/bin/../lib/gcc/arm-none-eabi/6.3.1/thumb/v7e-m/crtbegin.o
 *(SORT(.fini_array.*))
                0x00402e1c                __fini_array_end = .
 *crtbegin.o(.dtors)
 *(EXCLUDE_FILE(*crtend.o) .dtors)
 *(SORT(.dtors.*))
 *crtend.o(.dtors)
                0x00402e1c                . = ALIGN (0x4)
                0x00402e1c                _efixed = .
                [!provide]                PROVIDE (__exidx_start, .)

.vfp11_veneer   0x00402e1c        0x0
 .vfp11_veneer  0x00402e1c        0x0 linker stubs

.v4_bx          0x00402e1c        0x0
 .v4_bx         0x00402e1c        0x0 linker stubs

.iplt           0x00402e1c        0x0
 .iplt          0x00402e1c        0x0 c:/program files (x86)/7.0/toolchain/arm/arm-gnu-toolchain/bin/../lib/gcc/arm-none-eabi/6.3.1/thumb/v7e-m/crtbegin.o

.ARM.exidx      0x00402e1c        0x8
 *(.ARM.exidx* .gnu.linkonce.armexidx.*)
 .ARM.exidx     0x00402e1c        0x8 c:/program files (x86)/7.0/toolchain/arm/arm-gnu-toolchain/bin/../lib/gcc/arm-none-eabi/6.3.1/thumb/v7e-m\libgcc.a(_udivmoddi4.o)
                [!provide]                PROVIDE (__exidx_end, .)

.eh_frame       0x00402e24        0x0
 .eh_frame      0x00402e24        0x0 c:/program files (x86)/7.0/toolchain/arm/arm-gnu-toolchain/bin/../lib/gcc/arm-none-eabi/6.3.1/thumb/v7e-m/crtbegin.o

.rel.dyn        0x00402e24        0x0
 .rel.iplt      0x00402e24        0x0 c:/program files (x86)/7.0/toolchain/arm/arm-gnu-toolchain/bin/../lib/gcc/arm-none-eabi/6.3.1/thumb/v7e-m/crtbegin.o

.jcr            0x00402e24        0x0
 .jcr           0x00402e24        0x0 c:/program files (x86)/7.0/toolchain/arm/arm-gnu-toolchain/bin/../lib/gcc/arm-none-eabi/6.3.1/thumb/v7e-m/crtbegin.o

.igot.plt       0x00402e24        0x0
 .igot.plt      0x00402e24        0x0 c:/program files (x86)/7.0/toolchain/arm/arm-gnu-toolchain/bin/../lib/gcc/arm-none-eabi/6.3.1/thumb/v7e-m/crtbegin.o
                0x00402e24                . = ALIGN (0x4)
                0x00402e24                _etext = .

.relocate       0x20400000      0x43c load address 0x00402e24
                0x20400000                . = ALIGN (0x4)
                0x20400000                _srelocate = .
 *(.ramfunc .ramfunc.*)
 .ramfunc       0x20400000        0xa src/ASF/common/services/delay/sam/cycle_counter.o
                0x20400000                portable_delay_cycles
 *(.data .data.*)
 .data.g_interrupt_enabled
                0x2040000a        0x1 src/ASF/common/utils/interrupt/interrupt_sam_nvic.o
                0x2040000a                g_interrupt_enabled
 *fill*         0x2040000b        0x1 
 .data.SystemCoreClock
                0x2040000c        0x4 src/ASF/sam/utils/cmsis/same70/source/templates/system_same70.o
                0x2040000c                SystemCoreClock
 .data.impure_data
                0x20400010      0x428 c:/program files (x86)/7.0/toolchain/arm/arm-gnu-toolchain/bin/../lib/gcc/arm-none-eabi/6.3.1/../../../../arm-none-eabi/lib/thumb/v7e-m\libc.a(lib_a-impure.o)
 .data.__atexit_recursive_mutex
                0x20400438        0x4 c:/program files (x86)/7.0/toolchain/arm/arm-gnu-toolchain/bin/../lib/gcc/arm-none-eabi/6.3.1/../../../../arm-none-eabi/lib/thumb/v7e-m\libc.a(lib_a-__call_atexit.o)
                0x20400438                __atexit_recursive_mutex
                0x2040043c                . = ALIGN (0x4)
                0x2040043c                _erelocate = .

.bss            0x2040043c      0x2bc load address 0x00403260
                0x2040043c                . = ALIGN (0x4)
                0x2040043c                _sbss = .
                0x2040043c                _szero = .
 *(.bss .bss.*)
 .bss           0x2040043c       0x1c c:/program files (x86)/7.0/toolchain/arm/arm-gnu-toolchain/bin/../lib/gcc/arm-none-eabi/6.3.1/thumb/v7e-m/crtbegin.o
 .bss.fbpointer
                0x20400458        0x4 src/oled/gfx_mono_framebuffer.o
 .bss.framebuffer
                0x2040045c      0x200 src/oled/gfx_mono_ug_2832hsweg04.o
 .bss.gs_interrupt_sources
                0x2040065c       0x70 src/ASF/sam/drivers/pio/pio_handler.o
 .bss.gs_ul_nb_sources
                0x204006cc        0x4 src/ASF/sam/drivers/pio/pio_handler.o
 .bss.alarm_rtt
                0x204006d0        0x1 src/main.o
                0x204006d0                alarm_rtt
 *(COMMON)
 COMMON         0x204006d1        0x3 src/main.o
                0x204006d1                but1_flag
                0x204006d2                but3_flag
                0x204006d3                but2_flag
 COMMON         0x204006d4       0x21 c:/program files (x86)/7.0/toolchain/arm/arm-gnu-toolchain/bin/../lib/gcc/arm-none-eabi/6.3.1/../../../../arm-none-eabi/lib/thumb/v7e-m\libc.a(lib_a-lock.o)
                0x204006d4                __lock___atexit_recursive_mutex
                0x204006d8                __lock___arc4random_mutex
                0x204006dc                __lock___env_recursive_mutex
                0x204006e0                __lock___sinit_recursive_mutex
                0x204006e4                __lock___malloc_recursive_mutex
                0x204006e8                __lock___at_quick_exit_mutex
                0x204006ec                __lock___dd_hash_mutex
                0x204006f0                __lock___tz_mutex
                0x204006f4                __lock___sfp_recursive_mutex
                0x204006f8                . = ALIGN (0x4)
 *fill*         0x204006f5        0x3 
                0x204006f8                _ebss = .
                0x204006f8                _ezero = .

.stack          0x204006f8     0x2000 load address 0x0040351c
                0x204006f8                . = ALIGN (0x8)
                0x204006f8                _sstack = .
                0x204026f8                . = (. + STACK_SIZE)
 *fill*         0x204006f8     0x2000 
                0x204026f8                . = ALIGN (0x8)
                0x204026f8                _estack = .

.heap           0x204026f8      0x200 load address 0x0040551c
                0x204026f8                . = ALIGN (0x8)
                0x204026f8                _sheap = .
                0x204028f8                . = (. + HEAP_SIZE)
 *fill*         0x204026f8      0x200 
                0x204028f8                . = ALIGN (0x8)
                0x204028f8                _eheap = .
                0x204028f8                . = ALIGN (0x4)
                0x204028f8                _end = .
                0x2045ffff                _ram_end_ = ((ORIGIN (ram) + LENGTH (ram)) - 0x1)
OUTPUT(OLED1.elf elf32-littlearm)

.ARM.attributes
                0x00000000       0x2e
 .ARM.attributes
                0x00000000       0x1e c:/program files (x86)/7.0/toolchain/arm/arm-gnu-toolchain/bin/../lib/gcc/arm-none-eabi/6.3.1/thumb/v7e-m/crti.o
 .ARM.attributes
                0x0000001e       0x2e c:/program files (x86)/7.0/toolchain/arm/arm-gnu-toolchain/bin/../lib/gcc/arm-none-eabi/6.3.1/thumb/v7e-m/crtbegin.o
 .ARM.attributes
                0x0000004c       0x37 src/helpers/helpers.o
 .ARM.attributes
                0x00000083       0x37 src/ASF/sam/drivers/rtt/rtt.o
 .ARM.attributes
                0x000000ba       0x37 src/ASF/sam/drivers/spi/spi.o
 .ARM.attributes
                0x000000f1       0x37 src/ASF/sam/drivers/tc/tc.o
 .ARM.attributes
                0x00000128       0x37 src/oled/gfx_mono_framebuffer.o
 .ARM.attributes
                0x0000015f       0x37 src/oled/gfx_mono_ug_2832hsweg04.o
 .ARM.attributes
                0x00000196       0x37 src/oled/ssd1306.o
 .ARM.attributes
                0x000001cd       0x37 src/ASF/common/services/delay/sam/cycle_counter.o
 .ARM.attributes
                0x00000204       0x37 src/ASF/common/services/clock/same70/sysclk.o
 .ARM.attributes
                0x0000023b       0x37 src/ASF/common/utils/interrupt/interrupt_sam_nvic.o
 .ARM.attributes
                0x00000272       0x37 src/ASF/sam/boards/same70_xplained/init.o
 .ARM.attributes
                0x000002a9       0x37 src/ASF/sam/drivers/pio/pio.o
 .ARM.attributes
                0x000002e0       0x37 src/ASF/sam/drivers/pio/pio_handler.o
 .ARM.attributes
                0x00000317       0x37 src/ASF/sam/drivers/pmc/pmc.o
 .ARM.attributes
                0x0000034e       0x37 src/ASF/sam/utils/cmsis/same70/source/templates/gcc/startup_same70.o
 .ARM.attributes
                0x00000385       0x37 src/ASF/sam/utils/cmsis/same70/source/templates/system_same70.o
 .ARM.attributes
                0x000003bc       0x37 src/main.o
 .ARM.attributes
                0x000003f3       0x1e c:/program files (x86)/7.0/toolchain/arm/arm-gnu-toolchain/bin/../lib/gcc/arm-none-eabi/6.3.1/thumb/v7e-m\libgcc.a(_aeabi_uldivmod.o)
 .ARM.attributes
                0x00000411       0x2e c:/program files (x86)/7.0/toolchain/arm/arm-gnu-toolchain/bin/../lib/gcc/arm-none-eabi/6.3.1/thumb/v7e-m\libgcc.a(_udivmoddi4.o)
 .ARM.attributes
                0x0000043f       0x1e c:/program files (x86)/7.0/toolchain/arm/arm-gnu-toolchain/bin/../lib/gcc/arm-none-eabi/6.3.1/thumb/v7e-m\libgcc.a(_dvmd_tls.o)
 .ARM.attributes
                0x0000045d       0x2e c:/program files (x86)/7.0/toolchain/arm/arm-gnu-toolchain/bin/../lib/gcc/arm-none-eabi/6.3.1/../../../../arm-none-eabi/lib/thumb/v7e-m\libc.a(lib_a-impure.o)
 .ARM.attributes
                0x0000048b       0x2e c:/program files (x86)/7.0/toolchain/arm/arm-gnu-toolchain/bin/../lib/gcc/arm-none-eabi/6.3.1/../../../../arm-none-eabi/lib/thumb/v7e-m\libc.a(lib_a-init.o)
 .ARM.attributes
                0x000004b9       0x2e c:/program files (x86)/7.0/toolchain/arm/arm-gnu-toolchain/bin/../lib/gcc/arm-none-eabi/6.3.1/../../../../arm-none-eabi/lib/thumb/v7e-m\libc.a(lib_a-__call_atexit.o)
 .ARM.attributes
                0x000004e7       0x2e c:/program files (x86)/7.0/toolchain/arm/arm-gnu-toolchain/bin/../lib/gcc/arm-none-eabi/6.3.1/../../../../arm-none-eabi/lib/thumb/v7e-m\libc.a(lib_a-atexit.o)
 .ARM.attributes
                0x00000515       0x2e c:/program files (x86)/7.0/toolchain/arm/arm-gnu-toolchain/bin/../lib/gcc/arm-none-eabi/6.3.1/../../../../arm-none-eabi/lib/thumb/v7e-m\libc.a(lib_a-fini.o)
 .ARM.attributes
                0x00000543       0x2e c:/program files (x86)/7.0/toolchain/arm/arm-gnu-toolchain/bin/../lib/gcc/arm-none-eabi/6.3.1/../../../../arm-none-eabi/lib/thumb/v7e-m\libc.a(lib_a-lock.o)
 .ARM.attributes
                0x00000571       0x2e c:/program files (x86)/7.0/toolchain/arm/arm-gnu-toolchain/bin/../lib/gcc/arm-none-eabi/6.3.1/../../../../arm-none-eabi/lib/thumb/v7e-m\libc.a(lib_a-__atexit.o)
 .ARM.attributes
                0x0000059f       0x1e c:/program files (x86)/7.0/toolchain/arm/arm-gnu-toolchain/bin/../lib/gcc/arm-none-eabi/6.3.1/thumb/v7e-m/crtn.o

.comment        0x00000000       0x59
 .comment       0x00000000       0x59 src/helpers/helpers.o
                                 0x5a (size before relaxing)
 .comment       0x00000059       0x5a src/ASF/sam/drivers/rtt/rtt.o
 .comment       0x00000059       0x5a src/ASF/sam/drivers/spi/spi.o
 .comment       0x00000059       0x5a src/ASF/sam/drivers/tc/tc.o
 .comment       0x00000059       0x5a src/oled/gfx_mono_framebuffer.o
 .comment       0x00000059       0x5a src/oled/gfx_mono_ug_2832hsweg04.o
 .comment       0x00000059       0x5a src/oled/ssd1306.o
 .comment       0x00000059       0x5a src/ASF/common/services/delay/sam/cycle_counter.o
 .comment       0x00000059       0x5a src/ASF/common/services/clock/same70/sysclk.o
 .comment       0x00000059       0x5a src/ASF/common/utils/interrupt/interrupt_sam_nvic.o
 .comment       0x00000059       0x5a src/ASF/sam/boards/same70_xplained/init.o
 .comment       0x00000059       0x5a src/ASF/sam/drivers/pio/pio.o
 .comment       0x00000059       0x5a src/ASF/sam/drivers/pio/pio_handler.o
 .comment       0x00000059       0x5a src/ASF/sam/drivers/pmc/pmc.o
 .comment       0x00000059       0x5a src/ASF/sam/utils/cmsis/same70/source/templates/gcc/startup_same70.o
 .comment       0x00000059       0x5a src/ASF/sam/utils/cmsis/same70/source/templates/system_same70.o
 .comment       0x00000059       0x5a src/main.o

.debug_info     0x00000000    0x1501a
 .debug_info    0x00000000     0x1ecc src/helpers/helpers.o
 .debug_info    0x00001ecc      0xcaf src/ASF/sam/drivers/rtt/rtt.o
 .debug_info    0x00002b7b     0x10ff src/ASF/sam/drivers/spi/spi.o
 .debug_info    0x00003c7a     0x1249 src/ASF/sam/drivers/tc/tc.o
 .debug_info    0x00004ec3      0xd75 src/oled/gfx_mono_framebuffer.o
 .debug_info    0x00005c38      0xf32 src/oled/gfx_mono_ug_2832hsweg04.o
 .debug_info    0x00006b6a     0x1c29 src/oled/ssd1306.o
 .debug_info    0x00008793      0xa45 src/ASF/common/services/delay/sam/cycle_counter.o
 .debug_info    0x000091d8     0x12d4 src/ASF/common/services/clock/same70/sysclk.o
 .debug_info    0x0000a4ac      0xb06 src/ASF/common/utils/interrupt/interrupt_sam_nvic.o
 .debug_info    0x0000afb2     0x1c75 src/ASF/sam/boards/same70_xplained/init.o
 .debug_info    0x0000cc27     0x1cbf src/ASF/sam/drivers/pio/pio.o
 .debug_info    0x0000e8e6     0x1a18 src/ASF/sam/drivers/pio/pio_handler.o
 .debug_info    0x000102fe     0x1df9 src/ASF/sam/drivers/pmc/pmc.o
 .debug_info    0x000120f7     0x157c src/ASF/sam/utils/cmsis/same70/source/templates/gcc/startup_same70.o
 .debug_info    0x00013673      0x55f src/ASF/sam/utils/cmsis/same70/source/templates/system_same70.o
 .debug_info    0x00013bd2     0x1448 src/main.o

.debug_abbrev   0x00000000     0x2b47
 .debug_abbrev  0x00000000      0x2ca src/helpers/helpers.o
 .debug_abbrev  0x000002ca      0x203 src/ASF/sam/drivers/rtt/rtt.o
 .debug_abbrev  0x000004cd      0x2c2 src/ASF/sam/drivers/spi/spi.o
 .debug_abbrev  0x0000078f      0x24a src/ASF/sam/drivers/tc/tc.o
 .debug_abbrev  0x000009d9      0x217 src/oled/gfx_mono_framebuffer.o
 .debug_abbrev  0x00000bf0      0x2b6 src/oled/gfx_mono_ug_2832hsweg04.o
 .debug_abbrev  0x00000ea6      0x3de src/oled/ssd1306.o
 .debug_abbrev  0x00001284      0x1b3 src/ASF/common/services/delay/sam/cycle_counter.o
 .debug_abbrev  0x00001437      0x296 src/ASF/common/services/clock/same70/sysclk.o
 .debug_abbrev  0x000016cd      0x214 src/ASF/common/utils/interrupt/interrupt_sam_nvic.o
 .debug_abbrev  0x000018e1      0x3eb src/ASF/sam/boards/same70_xplained/init.o
 .debug_abbrev  0x00001ccc      0x296 src/ASF/sam/drivers/pio/pio.o
 .debug_abbrev  0x00001f62      0x2c9 src/ASF/sam/drivers/pio/pio_handler.o
 .debug_abbrev  0x0000222b      0x2c5 src/ASF/sam/drivers/pmc/pmc.o
 .debug_abbrev  0x000024f0      0x2e8 src/ASF/sam/utils/cmsis/same70/source/templates/gcc/startup_same70.o
 .debug_abbrev  0x000027d8      0x102 src/ASF/sam/utils/cmsis/same70/source/templates/system_same70.o
 .debug_abbrev  0x000028da      0x26d src/main.o

.debug_loc      0x00000000     0x5bf0
 .debug_loc     0x00000000      0x3b4 src/helpers/helpers.o
 .debug_loc     0x000003b4      0x330 src/ASF/sam/drivers/rtt/rtt.o
 .debug_loc     0x000006e4      0x630 src/ASF/sam/drivers/spi/spi.o
 .debug_loc     0x00000d14      0x844 src/ASF/sam/drivers/tc/tc.o
 .debug_loc     0x00001558      0x2bc src/oled/gfx_mono_framebuffer.o
 .debug_loc     0x00001814      0x3c0 src/oled/gfx_mono_ug_2832hsweg04.o
 .debug_loc     0x00001bd4      0x6e8 src/oled/ssd1306.o
 .debug_loc     0x000022bc      0x4a0 src/ASF/common/services/clock/same70/sysclk.o
 .debug_loc     0x0000275c       0xa0 src/ASF/common/utils/interrupt/interrupt_sam_nvic.o
 .debug_loc     0x000027fc      0x2fc src/ASF/sam/boards/same70_xplained/init.o
 .debug_loc     0x00002af8     0x1174 src/ASF/sam/drivers/pio/pio.o
 .debug_loc     0x00003c6c      0x38c src/ASF/sam/drivers/pio/pio_handler.o
 .debug_loc     0x00003ff8     0x172c src/ASF/sam/drivers/pmc/pmc.o
 .debug_loc     0x00005724      0x16c src/ASF/sam/utils/cmsis/same70/source/templates/gcc/startup_same70.o
 .debug_loc     0x00005890       0xe4 src/ASF/sam/utils/cmsis/same70/source/templates/system_same70.o
 .debug_loc     0x00005974      0x27c src/main.o

.debug_aranges  0x00000000      0xa80
 .debug_aranges
                0x00000000       0x78 src/helpers/helpers.o
 .debug_aranges
                0x00000078       0x60 src/ASF/sam/drivers/rtt/rtt.o
 .debug_aranges
                0x000000d8       0xa8 src/ASF/sam/drivers/spi/spi.o
 .debug_aranges
                0x00000180       0xd0 src/ASF/sam/drivers/tc/tc.o
 .debug_aranges
                0x00000250       0x58 src/oled/gfx_mono_framebuffer.o
 .debug_aranges
                0x000002a8       0x78 src/oled/gfx_mono_ug_2832hsweg04.o
 .debug_aranges
                0x00000320       0xd0 src/oled/ssd1306.o
 .debug_aranges
                0x000003f0       0x20 src/ASF/common/services/delay/sam/cycle_counter.o
 .debug_aranges
                0x00000410       0x98 src/ASF/common/services/clock/same70/sysclk.o
 .debug_aranges
                0x000004a8       0x28 src/ASF/common/utils/interrupt/interrupt_sam_nvic.o
 .debug_aranges
                0x000004d0       0x68 src/ASF/sam/boards/same70_xplained/init.o
 .debug_aranges
                0x00000538      0x1a8 src/ASF/sam/drivers/pio/pio.o
 .debug_aranges
                0x000006e0       0x80 src/ASF/sam/drivers/pio/pio_handler.o
 .debug_aranges
                0x00000760      0x250 src/ASF/sam/drivers/pmc/pmc.o
 .debug_aranges
                0x000009b0       0x40 src/ASF/sam/utils/cmsis/same70/source/templates/gcc/startup_same70.o
 .debug_aranges
                0x000009f0       0x30 src/ASF/sam/utils/cmsis/same70/source/templates/system_same70.o
 .debug_aranges
                0x00000a20       0x60 src/main.o

.debug_ranges   0x00000000      0xa30
 .debug_ranges  0x00000000       0x68 src/helpers/helpers.o
 .debug_ranges  0x00000068       0x50 src/ASF/sam/drivers/rtt/rtt.o
 .debug_ranges  0x000000b8       0x98 src/ASF/sam/drivers/spi/spi.o
 .debug_ranges  0x00000150       0xc0 src/ASF/sam/drivers/tc/tc.o
 .debug_ranges  0x00000210       0x48 src/oled/gfx_mono_framebuffer.o
 .debug_ranges  0x00000258       0x68 src/oled/gfx_mono_ug_2832hsweg04.o
 .debug_ranges  0x000002c0      0x108 src/oled/ssd1306.o
 .debug_ranges  0x000003c8       0x10 src/ASF/common/services/delay/sam/cycle_counter.o
 .debug_ranges  0x000003d8       0x88 src/ASF/common/services/clock/same70/sysclk.o
 .debug_ranges  0x00000460       0x18 src/ASF/common/utils/interrupt/interrupt_sam_nvic.o
 .debug_ranges  0x00000478       0xd0 src/ASF/sam/boards/same70_xplained/init.o
 .debug_ranges  0x00000548      0x198 src/ASF/sam/drivers/pio/pio.o
 .debug_ranges  0x000006e0       0x70 src/ASF/sam/drivers/pio/pio_handler.o
 .debug_ranges  0x00000750      0x240 src/ASF/sam/drivers/pmc/pmc.o
 .debug_ranges  0x00000990       0x30 src/ASF/sam/utils/cmsis/same70/source/templates/gcc/startup_same70.o
 .debug_ranges  0x000009c0       0x20 src/ASF/sam/utils/cmsis/same70/source/templates/system_same70.o
 .debug_ranges  0x000009e0       0x50 src/main.o

.debug_macro    0x00000000     0x7a0d
 .debug_macro   0x00000000      0x799 src/helpers/helpers.o
 .debug_macro   0x00000799       0x50 src/helpers/helpers.o
 .debug_macro   0x000007e9      0x660 src/ASF/sam/drivers/rtt/rtt.o
 .debug_macro   0x00000e49      0x6d9 src/ASF/sam/drivers/spi/spi.o
 .debug_macro   0x00001522       0x10 src/ASF/sam/drivers/spi/spi.o
 .debug_macro   0x00001532      0x66d src/ASF/sam/drivers/tc/tc.o
 .debug_macro   0x00001b9f       0x52 src/ASF/sam/drivers/tc/tc.o
 .debug_macro   0x00001bf1       0x8d src/ASF/sam/drivers/tc/tc.o
 .debug_macro   0x00001c7e       0x16 src/ASF/sam/drivers/tc/tc.o
 .debug_macro   0x00001c94       0x57 src/ASF/sam/drivers/tc/tc.o
 .debug_macro   0x00001ceb       0x1c src/ASF/sam/drivers/tc/tc.o
 .debug_macro   0x00001d07      0x7e6 src/oled/gfx_mono_framebuffer.o
 .debug_macro   0x000024ed       0x22 src/oled/gfx_mono_framebuffer.o
 .debug_macro   0x0000250f      0x7ea src/oled/gfx_mono_ug_2832hsweg04.o
 .debug_macro   0x00002cf9      0x7c0 src/oled/ssd1306.o
 .debug_macro   0x000034b9      0x665 src/ASF/common/services/delay/sam/cycle_counter.o
 .debug_macro   0x00003b1e       0x22 src/ASF/common/services/delay/sam/cycle_counter.o
 .debug_macro   0x00003b40      0x6d1 src/ASF/common/services/clock/same70/sysclk.o
 .debug_macro   0x00004211      0x2c0 src/ASF/common/services/clock/same70/sysclk.o
 .debug_macro   0x000044d1      0x655 src/ASF/common/utils/interrupt/interrupt_sam_nvic.o
 .debug_macro   0x00004b26      0x70b src/ASF/sam/boards/same70_xplained/init.o
 .debug_macro   0x00005231       0x82 src/ASF/sam/boards/same70_xplained/init.o
 .debug_macro   0x000052b3      0x66b src/ASF/sam/drivers/pio/pio.o
 .debug_macro   0x0000591e       0x8e src/ASF/sam/drivers/pio/pio.o
 .debug_macro   0x000059ac      0x676 src/ASF/sam/drivers/pio/pio_handler.o
 .debug_macro   0x00006022      0x66b src/ASF/sam/drivers/pmc/pmc.o
 .debug_macro   0x0000668d       0x6a src/ASF/sam/drivers/pmc/pmc.o
 .debug_macro   0x000066f7      0x664 src/ASF/sam/utils/cmsis/same70/source/templates/gcc/startup_same70.o
 .debug_macro   0x00006d5b       0x10 src/ASF/sam/utils/cmsis/same70/source/templates/gcc/startup_same70.o
 .debug_macro   0x00006d6b      0x455 src/ASF/sam/utils/cmsis/same70/source/templates/system_same70.o
 .debug_macro   0x000071c0      0x84d src/main.o

.debug_line     0x00000000     0xd532
 .debug_line    0x00000000      0xe6a src/helpers/helpers.o
 .debug_line    0x00000e6a      0xa47 src/ASF/sam/drivers/rtt/rtt.o
 .debug_line    0x000018b1      0xc69 src/ASF/sam/drivers/spi/spi.o
 .debug_line    0x0000251a      0xb58 src/ASF/sam/drivers/tc/tc.o
 .debug_line    0x00003072      0xe62 src/oled/gfx_mono_framebuffer.o
 .debug_line    0x00003ed4      0xf0f src/oled/gfx_mono_ug_2832hsweg04.o
 .debug_line    0x00004de3      0xfce src/oled/ssd1306.o
 .debug_line    0x00005db1      0x9b9 src/ASF/common/services/delay/sam/cycle_counter.o
 .debug_line    0x0000676a      0xc33 src/ASF/common/services/clock/same70/sysclk.o
 .debug_line    0x0000739d      0x9d5 src/ASF/common/utils/interrupt/interrupt_sam_nvic.o
 .debug_line    0x00007d72      0xd2f src/ASF/sam/boards/same70_xplained/init.o
 .debug_line    0x00008aa1      0xde3 src/ASF/sam/drivers/pio/pio.o
 .debug_line    0x00009884      0xae4 src/ASF/sam/drivers/pio/pio_handler.o
 .debug_line    0x0000a368     0x10a8 src/ASF/sam/drivers/pmc/pmc.o
 .debug_line    0x0000b410      0xa8c src/ASF/sam/utils/cmsis/same70/source/templates/gcc/startup_same70.o
 .debug_line    0x0000be9c      0x7ec src/ASF/sam/utils/cmsis/same70/source/templates/system_same70.o
 .debug_line    0x0000c688      0xeaa src/main.o

.debug_str      0x00000000    0x8fa41
 .debug_str     0x00000000    0x87ecb src/helpers/helpers.o
                              0x88683 (size before relaxing)
 .debug_str     0x00087ecb       0xf1 src/ASF/sam/drivers/rtt/rtt.o
                              0x8200e (size before relaxing)
 .debug_str     0x00087fbc      0x3ce src/ASF/sam/drivers/spi/spi.o
                              0x86523 (size before relaxing)
 .debug_str     0x0008838a      0x292 src/ASF/sam/drivers/tc/tc.o
                              0x8226c (size before relaxing)
 .debug_str     0x0008861c     0x119e src/oled/gfx_mono_framebuffer.o
                              0x88c1f (size before relaxing)
 .debug_str     0x000897ba      0x16d src/oled/gfx_mono_ug_2832hsweg04.o
                              0x88cff (size before relaxing)
 .debug_str     0x00089927      0x2d0 src/oled/ssd1306.o
                              0x88937 (size before relaxing)
 .debug_str     0x00089bf7       0x35 src/ASF/common/services/delay/sam/cycle_counter.o
                              0x82089 (size before relaxing)
 .debug_str     0x00089c2c      0x44d src/ASF/common/services/clock/same70/sysclk.o
                              0x8660a (size before relaxing)
 .debug_str     0x0008a079       0x94 src/ASF/common/utils/interrupt/interrupt_sam_nvic.o
                              0x81f59 (size before relaxing)
 .debug_str     0x0008a10d      0x3a5 src/ASF/sam/boards/same70_xplained/init.o
                              0x87097 (size before relaxing)
 .debug_str     0x0008a4b2      0x505 src/ASF/sam/drivers/pio/pio.o
                              0x82aaf (size before relaxing)
 .debug_str     0x0008a9b7       0xe7 src/ASF/sam/drivers/pio/pio_handler.o
                              0x82bd1 (size before relaxing)
 .debug_str     0x0008aa9e      0x62b src/ASF/sam/drivers/pmc/pmc.o
                              0x82c13 (size before relaxing)
 .debug_str     0x0008b0c9      0x64c src/ASF/sam/utils/cmsis/same70/source/templates/gcc/startup_same70.o
                              0x82726 (size before relaxing)
 .debug_str     0x0008b715      0x137 src/ASF/sam/utils/cmsis/same70/source/templates/system_same70.o
                              0x72832 (size before relaxing)
 .debug_str     0x0008b84c     0x41f5 src/main.o
                              0x8d07e (size before relaxing)

.debug_frame    0x00000000     0x2cf0
 .debug_frame   0x00000000      0x1d4 src/helpers/helpers.o
 .debug_frame   0x000001d4      0x174 src/ASF/sam/drivers/rtt/rtt.o
 .debug_frame   0x00000348      0x2c8 src/ASF/sam/drivers/spi/spi.o
 .debug_frame   0x00000610      0x3a8 src/ASF/sam/drivers/tc/tc.o
 .debug_frame   0x000009b8      0x148 src/oled/gfx_mono_framebuffer.o
 .debug_frame   0x00000b00      0x1dc src/oled/gfx_mono_ug_2832hsweg04.o
 .debug_frame   0x00000cdc      0x360 src/oled/ssd1306.o
 .debug_frame   0x0000103c       0x20 src/ASF/common/services/delay/sam/cycle_counter.o
 .debug_frame   0x0000105c      0x240 src/ASF/common/services/clock/same70/sysclk.o
 .debug_frame   0x0000129c       0x58 src/ASF/common/utils/interrupt/interrupt_sam_nvic.o
 .debug_frame   0x000012f4      0x174 src/ASF/sam/boards/same70_xplained/init.o
 .debug_frame   0x00001468      0x7c0 src/ASF/sam/drivers/pio/pio.o
 .debug_frame   0x00001c28      0x1d0 src/ASF/sam/drivers/pio/pio_handler.o
 .debug_frame   0x00001df8      0xa60 src/ASF/sam/drivers/pmc/pmc.o
 .debug_frame   0x00002858       0xbc src/ASF/sam/utils/cmsis/same70/source/templates/gcc/startup_same70.o
 .debug_frame   0x00002914       0x78 src/ASF/sam/utils/cmsis/same70/source/templates/system_same70.o
 .debug_frame   0x0000298c      0x144 src/main.o
 .debug_frame   0x00002ad0       0x2c c:/program files (x86)/7.0/toolchain/arm/arm-gnu-toolchain/bin/../lib/gcc/arm-none-eabi/6.3.1/thumb/v7e-m\libgcc.a(_aeabi_uldivmod.o)
 .debug_frame   0x00002afc       0x34 c:/program files (x86)/7.0/toolchain/arm/arm-gnu-toolchain/bin/../lib/gcc/arm-none-eabi/6.3.1/thumb/v7e-m\libgcc.a(_udivmoddi4.o)
 .debug_frame   0x00002b30       0x2c c:/program files (x86)/7.0/toolchain/arm/arm-gnu-toolchain/bin/../lib/gcc/arm-none-eabi/6.3.1/../../../../arm-none-eabi/lib/thumb/v7e-m\libc.a(lib_a-init.o)
 .debug_frame   0x00002b5c       0x5c c:/program files (x86)/7.0/toolchain/arm/arm-gnu-toolchain/bin/../lib/gcc/arm-none-eabi/6.3.1/../../../../arm-none-eabi/lib/thumb/v7e-m\libc.a(lib_a-__call_atexit.o)
 .debug_frame   0x00002bb8       0x20 c:/program files (x86)/7.0/toolchain/arm/arm-gnu-toolchain/bin/../lib/gcc/arm-none-eabi/6.3.1/../../../../arm-none-eabi/lib/thumb/v7e-m\libc.a(lib_a-atexit.o)
 .debug_frame   0x00002bd8       0x34 c:/program files (x86)/7.0/toolchain/arm/arm-gnu-toolchain/bin/../lib/gcc/arm-none-eabi/6.3.1/../../../../arm-none-eabi/lib/thumb/v7e-m\libc.a(lib_a-fini.o)
 .debug_frame   0x00002c0c       0xb0 c:/program files (x86)/7.0/toolchain/arm/arm-gnu-toolchain/bin/../lib/gcc/arm-none-eabi/6.3.1/../../../../arm-none-eabi/lib/thumb/v7e-m\libc.a(lib_a-lock.o)
 .debug_frame   0x00002cbc       0x34 c:/program files (x86)/7.0/toolchain/arm/arm-gnu-toolchain/bin/../lib/gcc/arm-none-eabi/6.3.1/../../../../arm-none-eabi/lib/thumb/v7e-m\libc.a(lib_a-__atexit.o)

Cross Reference Table

Symbol                                            File
ACC_Handler                                       src/ASF/sam/utils/cmsis/same70/source/templates/gcc/startup_same70.o
AES_Handler                                       src/ASF/sam/utils/cmsis/same70/source/templates/gcc/startup_same70.o
AFEC0_Handler                                     src/ASF/sam/utils/cmsis/same70/source/templates/gcc/startup_same70.o
AFEC1_Handler                                     src/ASF/sam/utils/cmsis/same70/source/templates/gcc/startup_same70.o
BusFault_Handler                                  src/ASF/sam/utils/cmsis/same70/source/templates/gcc/startup_same70.o
DACC_Handler                                      src/ASF/sam/utils/cmsis/same70/source/templates/gcc/startup_same70.o
DebugMon_Handler                                  src/ASF/sam/utils/cmsis/same70/source/templates/gcc/startup_same70.o
Dummy_Handler                                     src/ASF/sam/utils/cmsis/same70/source/templates/gcc/startup_same70.o
EFC_Handler                                       src/ASF/sam/utils/cmsis/same70/source/templates/gcc/startup_same70.o
GMAC_Handler                                      src/ASF/sam/utils/cmsis/same70/source/templates/gcc/startup_same70.o
HSMCI_Handler                                     src/ASF/sam/utils/cmsis/same70/source/templates/gcc/startup_same70.o
HardFault_Handler                                 src/ASF/sam/utils/cmsis/same70/source/templates/gcc/startup_same70.o
ICM_Handler                                       src/ASF/sam/utils/cmsis/same70/source/templates/gcc/startup_same70.o
ISI_Handler                                       src/ASF/sam/utils/cmsis/same70/source/templates/gcc/startup_same70.o
MCAN0_Handler                                     src/ASF/sam/utils/cmsis/same70/source/templates/gcc/startup_same70.o
MCAN1_Handler                                     src/ASF/sam/utils/cmsis/same70/source/templates/gcc/startup_same70.o
MemManage_Handler                                 src/ASF/sam/utils/cmsis/same70/source/templates/gcc/startup_same70.o
NMI_Handler                                       src/ASF/sam/utils/cmsis/same70/source/templates/gcc/startup_same70.o
PIOA_Handler                                      src/ASF/sam/drivers/pio/pio_handler.o
PIOB_Handler                                      src/ASF/sam/drivers/pio/pio_handler.o
PIOC_Handler                                      src/ASF/sam/drivers/pio/pio_handler.o
PIOD_Handler                                      src/ASF/sam/drivers/pio/pio_handler.o
PIOE_Handler                                      src/ASF/sam/drivers/pio/pio_handler.o
PMC_Handler                                       src/ASF/sam/utils/cmsis/same70/source/templates/gcc/startup_same70.o
PWM0_Handler                                      src/ASF/sam/utils/cmsis/same70/source/templates/gcc/startup_same70.o
PWM1_Handler                                      src/ASF/sam/utils/cmsis/same70/source/templates/gcc/startup_same70.o
PendSV_Handler                                    src/ASF/sam/utils/cmsis/same70/source/templates/gcc/startup_same70.o
QSPI_Handler                                      src/ASF/sam/utils/cmsis/same70/source/templates/gcc/startup_same70.o
RSTC_Handler                                      src/ASF/sam/utils/cmsis/same70/source/templates/gcc/startup_same70.o
RSWDT_Handler                                     src/ASF/sam/utils/cmsis/same70/source/templates/gcc/startup_same70.o
RTC_Handler                                       src/ASF/sam/utils/cmsis/same70/source/templates/gcc/startup_same70.o
RTC_init                                          src/helpers/helpers.o
RTT_Handler                                       src/main.o
                                                  src/ASF/sam/utils/cmsis/same70/source/templates/gcc/startup_same70.o
RTT_init                                          src/helpers/helpers.o
Reset_Handler                                     src/ASF/sam/utils/cmsis/same70/source/templates/gcc/startup_same70.o
SDRAMC_Handler                                    src/ASF/sam/utils/cmsis/same70/source/templates/gcc/startup_same70.o
SPI0_Handler                                      src/ASF/sam/utils/cmsis/same70/source/templates/gcc/startup_same70.o
SPI1_Handler                                      src/ASF/sam/utils/cmsis/same70/source/templates/gcc/startup_same70.o
SSC_Handler                                       src/ASF/sam/utils/cmsis/same70/source/templates/gcc/startup_same70.o
SUPC_Handler                                      src/ASF/sam/utils/cmsis/same70/source/templates/gcc/startup_same70.o
SVC_Handler                                       src/ASF/sam/utils/cmsis/same70/source/templates/gcc/startup_same70.o
SysTick_Handler                                   src/ASF/sam/utils/cmsis/same70/source/templates/gcc/startup_same70.o
SystemCoreClock                                   src/ASF/sam/utils/cmsis/same70/source/templates/system_same70.o
SystemCoreClockUpdate                             src/ASF/sam/utils/cmsis/same70/source/templates/system_same70.o
                                                  src/ASF/common/services/clock/same70/sysclk.o
SystemInit                                        src/ASF/sam/utils/cmsis/same70/source/templates/system_same70.o
TC0_Handler                                       src/main.o
                                                  src/ASF/sam/utils/cmsis/same70/source/templates/gcc/startup_same70.o
TC10_Handler                                      src/ASF/sam/utils/cmsis/same70/source/templates/gcc/startup_same70.o
TC11_Handler                                      src/ASF/sam/utils/cmsis/same70/source/templates/gcc/startup_same70.o
TC1_Handler                                       src/main.o
                                                  src/ASF/sam/utils/cmsis/same70/source/templates/gcc/startup_same70.o
TC2_Handler                                       src/ASF/sam/utils/cmsis/same70/source/templates/gcc/startup_same70.o
TC3_Handler                                       src/ASF/sam/utils/cmsis/same70/source/templates/gcc/startup_same70.o
TC4_Handler                                       src/ASF/sam/utils/cmsis/same70/source/templates/gcc/startup_same70.o
TC5_Handler                                       src/ASF/sam/utils/cmsis/same70/source/templates/gcc/startup_same70.o
TC6_Handler                                       src/ASF/sam/utils/cmsis/same70/source/templates/gcc/startup_same70.o
TC7_Handler                                       src/ASF/sam/utils/cmsis/same70/source/templates/gcc/startup_same70.o
TC8_Handler                                       src/ASF/sam/utils/cmsis/same70/source/templates/gcc/startup_same70.o
TC9_Handler                                       src/ASF/sam/utils/cmsis/same70/source/templates/gcc/startup_same70.o
TC_init                                           src/helpers/helpers.o
                                                  src/main.o
TRNG_Handler                                      src/ASF/sam/utils/cmsis/same70/source/templates/gcc/startup_same70.o
TWIHS0_Handler                                    src/ASF/sam/utils/cmsis/same70/source/templates/gcc/startup_same70.o
TWIHS1_Handler                                    src/ASF/sam/utils/cmsis/same70/source/templates/gcc/startup_same70.o
TWIHS2_Handler                                    src/ASF/sam/utils/cmsis/same70/source/templates/gcc/startup_same70.o
UART0_Handler                                     src/ASF/sam/utils/cmsis/same70/source/templates/gcc/startup_same70.o
UART1_Handler                                     src/ASF/sam/utils/cmsis/same70/source/templates/gcc/startup_same70.o
UART2_Handler                                     src/ASF/sam/utils/cmsis/same70/source/templates/gcc/startup_same70.o
UART3_Handler                                     src/ASF/sam/utils/cmsis/same70/source/templates/gcc/startup_same70.o
UART4_Handler                                     src/ASF/sam/utils/cmsis/same70/source/templates/gcc/startup_same70.o
USART0_Handler                                    src/ASF/sam/utils/cmsis/same70/source/templates/gcc/startup_same70.o
USART1_Handler                                    src/ASF/sam/utils/cmsis/same70/source/templates/gcc/startup_same70.o
USART2_Handler                                    src/ASF/sam/utils/cmsis/same70/source/templates/gcc/startup_same70.o
USBHS_Handler                                     src/ASF/sam/utils/cmsis/same70/source/templates/gcc/startup_same70.o
UsageFault_Handler                                src/ASF/sam/utils/cmsis/same70/source/templates/gcc/startup_same70.o
WDT_Handler                                       src/ASF/sam/utils/cmsis/same70/source/templates/gcc/startup_same70.o
XDMAC_Handler                                     src/ASF/sam/utils/cmsis/same70/source/templates/gcc/startup_same70.o
_Jv_RegisterClasses                               c:/program files (x86)/7.0/toolchain/arm/arm-gnu-toolchain/bin/../lib/gcc/arm-none-eabi/6.3.1/thumb/v7e-m/crtbegin.o
__aeabi_idiv0                                     c:/program files (x86)/7.0/toolchain/arm/arm-gnu-toolchain/bin/../lib/gcc/arm-none-eabi/6.3.1/thumb/v7e-m\libgcc.a(_dvmd_tls.o)
__aeabi_ldiv0                                     c:/program files (x86)/7.0/toolchain/arm/arm-gnu-toolchain/bin/../lib/gcc/arm-none-eabi/6.3.1/thumb/v7e-m\libgcc.a(_dvmd_tls.o)
                                                  c:/program files (x86)/7.0/toolchain/arm/arm-gnu-toolchain/bin/../lib/gcc/arm-none-eabi/6.3.1/thumb/v7e-m\libgcc.a(_aeabi_uldivmod.o)
__aeabi_uldivmod                                  c:/program files (x86)/7.0/toolchain/arm/arm-gnu-toolchain/bin/../lib/gcc/arm-none-eabi/6.3.1/thumb/v7e-m\libgcc.a(_aeabi_uldivmod.o)
                                                  src/oled/ssd1306.o
__atexit_recursive_mutex                          c:/program files (x86)/7.0/toolchain/arm/arm-gnu-toolchain/bin/../lib/gcc/arm-none-eabi/6.3.1/../../../../arm-none-eabi/lib/thumb/v7e-m\libc.a(lib_a-__call_atexit.o)
                                                  c:/program files (x86)/7.0/toolchain/arm/arm-gnu-toolchain/bin/../lib/gcc/arm-none-eabi/6.3.1/../../../../arm-none-eabi/lib/thumb/v7e-m\libc.a(lib_a-__atexit.o)
__bss_end__                                       c:/program files (x86)/7.0/toolchain/arm/arm-gnu-toolchain/bin/../lib/gcc/arm-none-eabi/6.3.1/../../../../arm-none-eabi/lib/thumb/v7e-m/crt0.o
__bss_start__                                     c:/program files (x86)/7.0/toolchain/arm/arm-gnu-toolchain/bin/../lib/gcc/arm-none-eabi/6.3.1/../../../../arm-none-eabi/lib/thumb/v7e-m/crt0.o
__call_exitprocs                                  c:/program files (x86)/7.0/toolchain/arm/arm-gnu-toolchain/bin/../lib/gcc/arm-none-eabi/6.3.1/../../../../arm-none-eabi/lib/thumb/v7e-m\libc.a(lib_a-__call_atexit.o)
                                                  c:/program files (x86)/7.0/toolchain/arm/arm-gnu-toolchain/bin/../lib/gcc/arm-none-eabi/6.3.1/../../../../arm-none-eabi/lib/thumb/v7e-m\libc.a(lib_a-exit.o)
__deregister_frame_info                           c:/program files (x86)/7.0/toolchain/arm/arm-gnu-toolchain/bin/../lib/gcc/arm-none-eabi/6.3.1/thumb/v7e-m/crtbegin.o
__dso_handle                                      c:/program files (x86)/7.0/toolchain/arm/arm-gnu-toolchain/bin/../lib/gcc/arm-none-eabi/6.3.1/thumb/v7e-m/crtbegin.o
__fini_array_end                                  c:/program files (x86)/7.0/toolchain/arm/arm-gnu-toolchain/bin/../lib/gcc/arm-none-eabi/6.3.1/../../../../arm-none-eabi/lib/thumb/v7e-m\libc.a(lib_a-fini.o)
__fini_array_start                                c:/program files (x86)/7.0/toolchain/arm/arm-gnu-toolchain/bin/../lib/gcc/arm-none-eabi/6.3.1/../../../../arm-none-eabi/lib/thumb/v7e-m\libc.a(lib_a-fini.o)
__init_array_end                                  c:/program files (x86)/7.0/toolchain/arm/arm-gnu-toolchain/bin/../lib/gcc/arm-none-eabi/6.3.1/../../../../arm-none-eabi/lib/thumb/v7e-m\libc.a(lib_a-init.o)
__init_array_start                                c:/program files (x86)/7.0/toolchain/arm/arm-gnu-toolchain/bin/../lib/gcc/arm-none-eabi/6.3.1/../../../../arm-none-eabi/lib/thumb/v7e-m\libc.a(lib_a-init.o)
__libc_fini                                       c:/program files (x86)/7.0/toolchain/arm/arm-gnu-toolchain/bin/../lib/gcc/arm-none-eabi/6.3.1/../../../../arm-none-eabi/lib/thumb/v7e-m\libc.a(lib_a-__call_atexit.o)
__libc_fini_array                                 c:/program files (x86)/7.0/toolchain/arm/arm-gnu-toolchain/bin/../lib/gcc/arm-none-eabi/6.3.1/../../../../arm-none-eabi/lib/thumb/v7e-m\libc.a(lib_a-fini.o)
                                                  c:/program files (x86)/7.0/toolchain/arm/arm-gnu-toolchain/bin/../lib/gcc/arm-none-eabi/6.3.1/../../../../arm-none-eabi/lib/thumb/v7e-m\libc.a(lib_a-__call_atexit.o)
                                                  c:/program files (x86)/7.0/toolchain/arm/arm-gnu-toolchain/bin/../lib/gcc/arm-none-eabi/6.3.1/../../../../arm-none-eabi/lib/thumb/v7e-m/crt0.o
__libc_init_array                                 c:/program files (x86)/7.0/toolchain/arm/arm-gnu-toolchain/bin/../lib/gcc/arm-none-eabi/6.3.1/../../../../arm-none-eabi/lib/thumb/v7e-m\libc.a(lib_a-init.o)
                                                  src/ASF/sam/utils/cmsis/same70/source/templates/gcc/startup_same70.o
                                                  c:/program files (x86)/7.0/toolchain/arm/arm-gnu-toolchain/bin/../lib/gcc/arm-none-eabi/6.3.1/../../../../arm-none-eabi/lib/thumb/v7e-m/crt0.o
__lock___arc4random_mutex                         c:/program files (x86)/7.0/toolchain/arm/arm-gnu-toolchain/bin/../lib/gcc/arm-none-eabi/6.3.1/../../../../arm-none-eabi/lib/thumb/v7e-m\libc.a(lib_a-lock.o)
__lock___at_quick_exit_mutex                      c:/program files (x86)/7.0/toolchain/arm/arm-gnu-toolchain/bin/../lib/gcc/arm-none-eabi/6.3.1/../../../../arm-none-eabi/lib/thumb/v7e-m\libc.a(lib_a-lock.o)
__lock___atexit_recursive_mutex                   c:/program files (x86)/7.0/toolchain/arm/arm-gnu-toolchain/bin/../lib/gcc/arm-none-eabi/6.3.1/../../../../arm-none-eabi/lib/thumb/v7e-m\libc.a(lib_a-lock.o)
                                                  c:/program files (x86)/7.0/toolchain/arm/arm-gnu-toolchain/bin/../lib/gcc/arm-none-eabi/6.3.1/../../../../arm-none-eabi/lib/thumb/v7e-m\libc.a(lib_a-__call_atexit.o)
__lock___dd_hash_mutex                            c:/program files (x86)/7.0/toolchain/arm/arm-gnu-toolchain/bin/../lib/gcc/arm-none-eabi/6.3.1/../../../../arm-none-eabi/lib/thumb/v7e-m\libc.a(lib_a-lock.o)
__lock___env_recursive_mutex                      c:/program files (x86)/7.0/toolchain/arm/arm-gnu-toolchain/bin/../lib/gcc/arm-none-eabi/6.3.1/../../../../arm-none-eabi/lib/thumb/v7e-m\libc.a(lib_a-lock.o)
__lock___malloc_recursive_mutex                   c:/program files (x86)/7.0/toolchain/arm/arm-gnu-toolchain/bin/../lib/gcc/arm-none-eabi/6.3.1/../../../../arm-none-eabi/lib/thumb/v7e-m\libc.a(lib_a-lock.o)
__lock___sfp_recursive_mutex                      c:/program files (x86)/7.0/toolchain/arm/arm-gnu-toolchain/bin/../lib/gcc/arm-none-eabi/6.3.1/../../../../arm-none-eabi/lib/thumb/v7e-m\libc.a(lib_a-lock.o)
__lock___sinit_recursive_mutex                    c:/program files (x86)/7.0/toolchain/arm/arm-gnu-toolchain/bin/../lib/gcc/arm-none-eabi/6.3.1/../../../../arm-none-eabi/lib/thumb/v7e-m\libc.a(lib_a-lock.o)
__lock___tz_mutex                                 c:/program files (x86)/7.0/toolchain/arm/arm-gnu-toolchain/bin/../lib/gcc/arm-none-eabi/6.3.1/../../../../arm-none-eabi/lib/thumb/v7e-m\libc.a(lib_a-lock.o)
__preinit_array_end                               c:/program files (x86)/7.0/toolchain/arm/arm-gnu-toolchain/bin/../lib/gcc/arm-none-eabi/6.3.1/../../../../arm-none-eabi/lib/thumb/v7e-m\libc.a(lib_a-init.o)
__preinit_array_start                             c:/program files (x86)/7.0/toolchain/arm/arm-gnu-toolchain/bin/../lib/gcc/arm-none-eabi/6.3.1/../../../../arm-none-eabi/lib/thumb/v7e-m\libc.a(lib_a-init.o)
__ram_end__                                       src/ASF/sam/utils/syscalls/gcc/syscalls.o
__register_exitproc                               c:/program files (x86)/7.0/toolchain/arm/arm-gnu-toolchain/bin/../lib/gcc/arm-none-eabi/6.3.1/../../../../arm-none-eabi/lib/thumb/v7e-m\libc.a(lib_a-__atexit.o)
                                                  c:/program files (x86)/7.0/toolchain/arm/arm-gnu-toolchain/bin/../lib/gcc/arm-none-eabi/6.3.1/../../../../arm-none-eabi/lib/thumb/v7e-m\libc.a(lib_a-atexit.o)
__register_frame_info                             c:/program files (x86)/7.0/toolchain/arm/arm-gnu-toolchain/bin/../lib/gcc/arm-none-eabi/6.3.1/thumb/v7e-m/crtbegin.o
__retarget_lock_acquire                           c:/program files (x86)/7.0/toolchain/arm/arm-gnu-toolchain/bin/../lib/gcc/arm-none-eabi/6.3.1/../../../../arm-none-eabi/lib/thumb/v7e-m\libc.a(lib_a-lock.o)
__retarget_lock_acquire_recursive                 c:/program files (x86)/7.0/toolchain/arm/arm-gnu-toolchain/bin/../lib/gcc/arm-none-eabi/6.3.1/../../../../arm-none-eabi/lib/thumb/v7e-m\libc.a(lib_a-lock.o)
                                                  c:/program files (x86)/7.0/toolchain/arm/arm-gnu-toolchain/bin/../lib/gcc/arm-none-eabi/6.3.1/../../../../arm-none-eabi/lib/thumb/v7e-m\libc.a(lib_a-__atexit.o)
                                                  c:/program files (x86)/7.0/toolchain/arm/arm-gnu-toolchain/bin/../lib/gcc/arm-none-eabi/6.3.1/../../../../arm-none-eabi/lib/thumb/v7e-m\libc.a(lib_a-__call_atexit.o)
__retarget_lock_close                             c:/program files (x86)/7.0/toolchain/arm/arm-gnu-toolchain/bin/../lib/gcc/arm-none-eabi/6.3.1/../../../../arm-none-eabi/lib/thumb/v7e-m\libc.a(lib_a-lock.o)
__retarget_lock_close_recursive                   c:/program files (x86)/7.0/toolchain/arm/arm-gnu-toolchain/bin/../lib/gcc/arm-none-eabi/6.3.1/../../../../arm-none-eabi/lib/thumb/v7e-m\libc.a(lib_a-lock.o)
__retarget_lock_init                              c:/program files (x86)/7.0/toolchain/arm/arm-gnu-toolchain/bin/../lib/gcc/arm-none-eabi/6.3.1/../../../../arm-none-eabi/lib/thumb/v7e-m\libc.a(lib_a-lock.o)
__retarget_lock_init_recursive                    c:/program files (x86)/7.0/toolchain/arm/arm-gnu-toolchain/bin/../lib/gcc/arm-none-eabi/6.3.1/../../../../arm-none-eabi/lib/thumb/v7e-m\libc.a(lib_a-lock.o)
__retarget_lock_release                           c:/program files (x86)/7.0/toolchain/arm/arm-gnu-toolchain/bin/../lib/gcc/arm-none-eabi/6.3.1/../../../../arm-none-eabi/lib/thumb/v7e-m\libc.a(lib_a-lock.o)
__retarget_lock_release_recursive                 c:/program files (x86)/7.0/toolchain/arm/arm-gnu-toolchain/bin/../lib/gcc/arm-none-eabi/6.3.1/../../../../arm-none-eabi/lib/thumb/v7e-m\libc.a(lib_a-lock.o)
                                                  c:/program files (x86)/7.0/toolchain/arm/arm-gnu-toolchain/bin/../lib/gcc/arm-none-eabi/6.3.1/../../../../arm-none-eabi/lib/thumb/v7e-m\libc.a(lib_a-__atexit.o)
                                                  c:/program files (x86)/7.0/toolchain/arm/arm-gnu-toolchain/bin/../lib/gcc/arm-none-eabi/6.3.1/../../../../arm-none-eabi/lib/thumb/v7e-m\libc.a(lib_a-__call_atexit.o)
__retarget_lock_try_acquire                       c:/program files (x86)/7.0/toolchain/arm/arm-gnu-toolchain/bin/../lib/gcc/arm-none-eabi/6.3.1/../../../../arm-none-eabi/lib/thumb/v7e-m\libc.a(lib_a-lock.o)
__retarget_lock_try_acquire_recursive             c:/program files (x86)/7.0/toolchain/arm/arm-gnu-toolchain/bin/../lib/gcc/arm-none-eabi/6.3.1/../../../../arm-none-eabi/lib/thumb/v7e-m\libc.a(lib_a-lock.o)
__stack                                           c:/program files (x86)/7.0/toolchain/arm/arm-gnu-toolchain/bin/../lib/gcc/arm-none-eabi/6.3.1/../../../../arm-none-eabi/lib/thumb/v7e-m/crt0.o
__udivmoddi4                                      c:/program files (x86)/7.0/toolchain/arm/arm-gnu-toolchain/bin/../lib/gcc/arm-none-eabi/6.3.1/thumb/v7e-m\libgcc.a(_udivmoddi4.o)
                                                  c:/program files (x86)/7.0/toolchain/arm/arm-gnu-toolchain/bin/../lib/gcc/arm-none-eabi/6.3.1/thumb/v7e-m\libgcc.a(_aeabi_uldivmod.o)
_close                                            src/ASF/sam/utils/syscalls/gcc/syscalls.o
_end                                              src/ASF/sam/utils/syscalls/gcc/syscalls.o
_erelocate                                        src/ASF/sam/utils/cmsis/same70/source/templates/gcc/startup_same70.o
_estack                                           src/ASF/sam/utils/cmsis/same70/source/templates/gcc/startup_same70.o
_etext                                            src/ASF/sam/utils/cmsis/same70/source/templates/gcc/startup_same70.o
_exit                                             src/ASF/sam/utils/syscalls/gcc/syscalls.o
                                                  c:/program files (x86)/7.0/toolchain/arm/arm-gnu-toolchain/bin/../lib/gcc/arm-none-eabi/6.3.1/../../../../arm-none-eabi/lib/thumb/v7e-m\libc.a(lib_a-exit.o)
_ezero                                            src/ASF/sam/utils/cmsis/same70/source/templates/gcc/startup_same70.o
_fini                                             c:/program files (x86)/7.0/toolchain/arm/arm-gnu-toolchain/bin/../lib/gcc/arm-none-eabi/6.3.1/thumb/v7e-m/crti.o
                                                  c:/program files (x86)/7.0/toolchain/arm/arm-gnu-toolchain/bin/../lib/gcc/arm-none-eabi/6.3.1/../../../../arm-none-eabi/lib/thumb/v7e-m\libc.a(lib_a-fini.o)
_fstat                                            src/ASF/sam/utils/syscalls/gcc/syscalls.o
_getpid                                           src/ASF/sam/utils/syscalls/gcc/syscalls.o
_global_impure_ptr                                c:/program files (x86)/7.0/toolchain/arm/arm-gnu-toolchain/bin/../lib/gcc/arm-none-eabi/6.3.1/../../../../arm-none-eabi/lib/thumb/v7e-m\libc.a(lib_a-impure.o)
                                                  c:/program files (x86)/7.0/toolchain/arm/arm-gnu-toolchain/bin/../lib/gcc/arm-none-eabi/6.3.1/../../../../arm-none-eabi/lib/thumb/v7e-m\libc.a(lib_a-__atexit.o)
                                                  c:/program files (x86)/7.0/toolchain/arm/arm-gnu-toolchain/bin/../lib/gcc/arm-none-eabi/6.3.1/../../../../arm-none-eabi/lib/thumb/v7e-m\libc.a(lib_a-__call_atexit.o)
                                                  c:/program files (x86)/7.0/toolchain/arm/arm-gnu-toolchain/bin/../lib/gcc/arm-none-eabi/6.3.1/../../../../arm-none-eabi/lib/thumb/v7e-m\libc.a(lib_a-exit.o)
_impure_ptr                                       c:/program files (x86)/7.0/toolchain/arm/arm-gnu-toolchain/bin/../lib/gcc/arm-none-eabi/6.3.1/../../../../arm-none-eabi/lib/thumb/v7e-m\libc.a(lib_a-impure.o)
_init                                             c:/program files (x86)/7.0/toolchain/arm/arm-gnu-toolchain/bin/../lib/gcc/arm-none-eabi/6.3.1/thumb/v7e-m/crti.o
                                                  c:/program files (x86)/7.0/toolchain/arm/arm-gnu-toolchain/bin/../lib/gcc/arm-none-eabi/6.3.1/../../../../arm-none-eabi/lib/thumb/v7e-m\libc.a(lib_a-init.o)
_isatty                                           src/ASF/sam/utils/syscalls/gcc/syscalls.o
_kill                                             src/ASF/sam/utils/syscalls/gcc/syscalls.o
_lseek                                            src/ASF/sam/utils/syscalls/gcc/syscalls.o
_mainCRTStartup                                   c:/program files (x86)/7.0/toolchain/arm/arm-gnu-toolchain/bin/../lib/gcc/arm-none-eabi/6.3.1/../../../../arm-none-eabi/lib/thumb/v7e-m/crt0.o
_sbrk                                             src/ASF/sam/utils/syscalls/gcc/syscalls.o
_sfixed                                           src/ASF/sam/utils/cmsis/same70/source/templates/gcc/startup_same70.o
_srelocate                                        src/ASF/sam/utils/cmsis/same70/source/templates/gcc/startup_same70.o
_start                                            c:/program files (x86)/7.0/toolchain/arm/arm-gnu-toolchain/bin/../lib/gcc/arm-none-eabi/6.3.1/../../../../arm-none-eabi/lib/thumb/v7e-m/crt0.o
_szero                                            src/ASF/sam/utils/cmsis/same70/source/templates/gcc/startup_same70.o
alarm_rtt                                         src/main.o
all_flags_zero                                    src/main.o
all_leds_off                                      src/helpers/extra_helpers.o
all_leds_on                                       src/helpers/extra_helpers.o
atexit                                            c:/program files (x86)/7.0/toolchain/arm/arm-gnu-toolchain/bin/../lib/gcc/arm-none-eabi/6.3.1/../../../../arm-none-eabi/lib/thumb/v7e-m\libc.a(lib_a-atexit.o)
                                                  c:/program files (x86)/7.0/toolchain/arm/arm-gnu-toolchain/bin/../lib/gcc/arm-none-eabi/6.3.1/../../../../arm-none-eabi/lib/thumb/v7e-m\libc.a(lib_a-__call_atexit.o)
                                                  c:/program files (x86)/7.0/toolchain/arm/arm-gnu-toolchain/bin/../lib/gcc/arm-none-eabi/6.3.1/../../../../arm-none-eabi/lib/thumb/v7e-m/crt0.o
board_init                                        src/ASF/sam/boards/same70_xplained/init.o
                                                  src/main.o
but1_callback                                     src/main.o
but1_flag                                         src/main.o
but2_callback                                     src/main.o
but2_flag                                         src/main.o
but3_callback                                     src/main.o
but3_flag                                         src/main.o
config_button                                     src/helpers/helpers.o
                                                  src/main.o
cpu_irq_enter_critical                            src/ASF/common/utils/interrupt/interrupt_sam_nvic.o
cpu_irq_leave_critical                            src/ASF/common/utils/interrupt/interrupt_sam_nvic.o
draw_oled                                         src/helpers/oled_helpers.o
erase_oled                                        src/helpers/oled_helpers.o
exception_table                                   src/ASF/sam/utils/cmsis/same70/source/templates/gcc/startup_same70.o
exit                                              c:/program files (x86)/7.0/toolchain/arm/arm-gnu-toolchain/bin/../lib/gcc/arm-none-eabi/6.3.1/../../../../arm-none-eabi/lib/thumb/v7e-m\libc.a(lib_a-exit.o)
                                                  c:/program files (x86)/7.0/toolchain/arm/arm-gnu-toolchain/bin/../lib/gcc/arm-none-eabi/6.3.1/../../../../arm-none-eabi/lib/thumb/v7e-m/crt0.o
free                                              c:/program files (x86)/7.0/toolchain/arm/arm-gnu-toolchain/bin/../lib/gcc/arm-none-eabi/6.3.1/../../../../arm-none-eabi/lib/thumb/v7e-m\libc.a(lib_a-__call_atexit.o)
g_interrupt_enabled                               src/ASF/common/utils/interrupt/interrupt_sam_nvic.o
                                                  src/ASF/sam/utils/cmsis/same70/source/templates/gcc/startup_same70.o
                                                  src/ASF/sam/drivers/pmc/sleep.o
                                                  src/ASF/sam/drivers/mpu/mpu.o
gfx_mono_draw_char                                src/oled/gfx_mono_text.o
gfx_mono_draw_progmem_string                      src/oled/gfx_mono_text.o
gfx_mono_draw_string                              src/oled/gfx_mono_text.o
                                                  src/helpers/oled_helpers.o
gfx_mono_framebuffer_draw_pixel                   src/oled/gfx_mono_framebuffer.o
gfx_mono_framebuffer_get_byte                     src/oled/gfx_mono_framebuffer.o
                                                  src/oled/gfx_mono_ug_2832hsweg04.o
gfx_mono_framebuffer_get_page                     src/oled/gfx_mono_framebuffer.o
                                                  src/oled/gfx_mono_ug_2832hsweg04.o
gfx_mono_framebuffer_get_pixel                    src/oled/gfx_mono_framebuffer.o
gfx_mono_framebuffer_mask_byte                    src/oled/gfx_mono_framebuffer.o
gfx_mono_framebuffer_put_byte                     src/oled/gfx_mono_framebuffer.o
                                                  src/oled/gfx_mono_ug_2832hsweg04.o
gfx_mono_framebuffer_put_page                     src/oled/gfx_mono_framebuffer.o
                                                  src/oled/gfx_mono_ug_2832hsweg04.o
gfx_mono_generic_draw_circle                      src/oled/gfx_mono_generic.o
gfx_mono_generic_draw_filled_circle               src/oled/gfx_mono_generic.o
gfx_mono_generic_draw_filled_rect                 src/oled/gfx_mono_generic.o
                                                  src/oled/gfx_mono_text.o
gfx_mono_generic_draw_horizontal_line             src/oled/gfx_mono_generic.o
gfx_mono_generic_draw_line                        src/oled/gfx_mono_generic.o
gfx_mono_generic_draw_rect                        src/oled/gfx_mono_generic.o
gfx_mono_generic_draw_vertical_line               src/oled/gfx_mono_generic.o
gfx_mono_generic_put_bitmap                       src/oled/gfx_mono_generic.o
gfx_mono_get_progmem_string_bounding_box          src/oled/gfx_mono_text.o
gfx_mono_get_string_bounding_box                  src/oled/gfx_mono_text.o
gfx_mono_set_framebuffer                          src/oled/gfx_mono_framebuffer.o
                                                  src/oled/gfx_mono_ug_2832hsweg04.o
gfx_mono_ssd1306_draw_pixel                       src/oled/gfx_mono_ug_2832hsweg04.o
                                                  src/oled/gfx_mono_text.o
                                                  src/oled/gfx_mono_generic.o
gfx_mono_ssd1306_get_byte                         src/oled/gfx_mono_ug_2832hsweg04.o
                                                  src/oled/gfx_mono_generic.o
                                                  src/oled/gfx_mono_framebuffer.o
gfx_mono_ssd1306_get_page                         src/oled/gfx_mono_ug_2832hsweg04.o
gfx_mono_ssd1306_get_pixel                        src/oled/gfx_mono_ug_2832hsweg04.o
gfx_mono_ssd1306_init                             src/oled/gfx_mono_ug_2832hsweg04.o
                                                  src/main.o
gfx_mono_ssd1306_mask_byte                        src/oled/gfx_mono_ug_2832hsweg04.o
                                                  src/oled/gfx_mono_generic.o
gfx_mono_ssd1306_put_byte                         src/oled/gfx_mono_ug_2832hsweg04.o
                                                  src/oled/gfx_mono_generic.o
                                                  src/oled/gfx_mono_framebuffer.o
gfx_mono_ssd1306_put_framebuffer                  src/oled/gfx_mono_ug_2832hsweg04.o
gfx_mono_ssd1306_put_page                         src/oled/gfx_mono_ug_2832hsweg04.o
                                                  src/oled/gfx_mono_generic.o
hardware_init_hook                                c:/program files (x86)/7.0/toolchain/arm/arm-gnu-toolchain/bin/../lib/gcc/arm-none-eabi/6.3.1/../../../../arm-none-eabi/lib/thumb/v7e-m/crt0.o
io_init                                           src/main.o
link                                              src/ASF/sam/utils/syscalls/gcc/syscalls.o
main                                              src/main.o
                                                  src/ASF/sam/utils/cmsis/same70/source/templates/gcc/startup_same70.o
                                                  c:/program files (x86)/7.0/toolchain/arm/arm-gnu-toolchain/bin/../lib/gcc/arm-none-eabi/6.3.1/../../../../arm-none-eabi/lib/thumb/v7e-m/crt0.o
malloc                                            c:/program files (x86)/7.0/toolchain/arm/arm-gnu-toolchain/bin/../lib/gcc/arm-none-eabi/6.3.1/../../../../arm-none-eabi/lib/thumb/v7e-m\libc.a(lib_a-__atexit.o)
memset                                            c:/program files (x86)/7.0/toolchain/arm/arm-gnu-toolchain/bin/../lib/gcc/arm-none-eabi/6.3.1/../../../../arm-none-eabi/lib/thumb/v7e-m\libc.a(lib_a-memset.o)
                                                  c:/program files (x86)/7.0/toolchain/arm/arm-gnu-toolchain/bin/../lib/gcc/arm-none-eabi/6.3.1/../../../../arm-none-eabi/lib/thumb/v7e-m/crt0.o
mpu_cal_mpu_region_size                           src/ASF/sam/drivers/mpu/mpu.o
mpu_disable_region                                src/ASF/sam/drivers/mpu/mpu.o
mpu_enable                                        src/ASF/sam/drivers/mpu/mpu.o
mpu_set_region                                    src/ASF/sam/drivers/mpu/mpu.o
mpu_set_region_num                                src/ASF/sam/drivers/mpu/mpu.o
mpu_update_regions                                src/ASF/sam/drivers/mpu/mpu.o
pin_toggle                                        src/helpers/extra_helpers.o
pio_capture_disable                               src/ASF/sam/drivers/pio/pio.o
pio_capture_disable_interrupt                     src/ASF/sam/drivers/pio/pio.o
pio_capture_enable                                src/ASF/sam/drivers/pio/pio.o
pio_capture_enable_flag                           src/ASF/sam/drivers/pio/pio.o
pio_capture_enable_interrupt                      src/ASF/sam/drivers/pio/pio.o
pio_capture_get_interrupt_mask                    src/ASF/sam/drivers/pio/pio.o
pio_capture_get_interrupt_status                  src/ASF/sam/drivers/pio/pio.o
pio_capture_read                                  src/ASF/sam/drivers/pio/pio.o
pio_capture_set_mode                              src/ASF/sam/drivers/pio/pio.o
pio_clear                                         src/ASF/sam/drivers/pio/pio.o
                                                  src/helpers/extra_helpers.o
pio_configure                                     src/ASF/sam/drivers/pio/pio.o
                                                  src/main.o
                                                  src/oled/ssd1306.o
                                                  src/helpers/helpers.o
pio_configure_interrupt                           src/ASF/sam/drivers/pio/pio.o
                                                  src/ASF/sam/drivers/pio/pio_handler.o
pio_configure_pin                                 src/ASF/sam/drivers/pio/pio.o
pio_configure_pin_group                           src/ASF/sam/drivers/pio/pio.o
pio_disable_interrupt                             src/ASF/sam/drivers/pio/pio.o
                                                  src/ASF/sam/drivers/pio/pio_handler.o
pio_disable_output_write                          src/ASF/sam/drivers/pio/pio.o
pio_disable_pin_interrupt                         src/ASF/sam/drivers/pio/pio.o
pio_enable_interrupt                              src/ASF/sam/drivers/pio/pio.o
                                                  src/ASF/sam/drivers/pio/pio_handler.o
                                                  src/helpers/helpers.o
pio_enable_output_write                           src/ASF/sam/drivers/pio/pio.o
pio_enable_pin_interrupt                          src/ASF/sam/drivers/pio/pio.o
pio_get                                           src/ASF/sam/drivers/pio/pio.o
pio_get_interrupt_mask                            src/ASF/sam/drivers/pio/pio.o
                                                  src/ASF/sam/drivers/pio/pio_handler.o
pio_get_interrupt_status                          src/ASF/sam/drivers/pio/pio.o
                                                  src/ASF/sam/drivers/pio/pio_handler.o
                                                  src/helpers/helpers.o
pio_get_multi_driver_status                       src/ASF/sam/drivers/pio/pio.o
pio_get_output_data_status                        src/ASF/sam/drivers/pio/pio.o
                                                  src/helpers/extra_helpers.o
pio_get_output_write_status                       src/ASF/sam/drivers/pio/pio.o
pio_get_pin_group                                 src/ASF/sam/drivers/pio/pio.o
                                                  src/ASF/sam/drivers/pio/pio_handler.o
pio_get_pin_group_id                              src/ASF/sam/drivers/pio/pio.o
                                                  src/ASF/sam/drivers/pio/pio_handler.o
pio_get_pin_group_mask                            src/ASF/sam/drivers/pio/pio.o
                                                  src/ASF/sam/drivers/pio/pio_handler.o
pio_get_pin_value                                 src/ASF/sam/drivers/pio/pio.o
pio_get_schmitt_trigger                           src/ASF/sam/drivers/pio/pio.o
pio_get_writeprotect_status                       src/ASF/sam/drivers/pio/pio.o
pio_handler_process                               src/ASF/sam/drivers/pio/pio_handler.o
pio_handler_set                                   src/ASF/sam/drivers/pio/pio_handler.o
                                                  src/helpers/helpers.o
pio_handler_set_pin                               src/ASF/sam/drivers/pio/pio_handler.o
pio_handler_set_priority                          src/ASF/sam/drivers/pio/pio_handler.o
pio_pull_down                                     src/ASF/sam/drivers/pio/pio.o
pio_pull_up                                       src/ASF/sam/drivers/pio/pio.o
pio_set                                           src/ASF/sam/drivers/pio/pio.o
                                                  src/helpers/extra_helpers.o
pio_set_additional_interrupt_mode                 src/ASF/sam/drivers/pio/pio.o
pio_set_debounce_filter                           src/ASF/sam/drivers/pio/pio.o
                                                  src/helpers/helpers.o
pio_set_input                                     src/ASF/sam/drivers/pio/pio.o
pio_set_io_drive                                  src/ASF/sam/drivers/pio/pio.o
pio_set_multi_driver                              src/ASF/sam/drivers/pio/pio.o
pio_set_output                                    src/ASF/sam/drivers/pio/pio.o
pio_set_peripheral                                src/ASF/sam/drivers/pio/pio.o
pio_set_pin_group_high                            src/ASF/sam/drivers/pio/pio.o
pio_set_pin_group_low                             src/ASF/sam/drivers/pio/pio.o
pio_set_pin_high                                  src/ASF/sam/drivers/pio/pio.o
pio_set_pin_low                                   src/ASF/sam/drivers/pio/pio.o
pio_set_schmitt_trigger                           src/ASF/sam/drivers/pio/pio.o
pio_set_writeprotect                              src/ASF/sam/drivers/pio/pio.o
pio_sync_output_write                             src/ASF/sam/drivers/pio/pio.o
pio_toggle_pin                                    src/ASF/sam/drivers/pio/pio.o
pio_toggle_pin_group                              src/ASF/sam/drivers/pio/pio.o
pmc_clr_fast_startup_input                        src/ASF/sam/drivers/pmc/pmc.o
pmc_disable_all_pck                               src/ASF/sam/drivers/pmc/pmc.o
pmc_disable_all_periph_clk                        src/ASF/sam/drivers/pmc/pmc.o
pmc_disable_clock_failure_detector                src/ASF/sam/drivers/pmc/pmc.o
pmc_disable_interrupt                             src/ASF/sam/drivers/pmc/pmc.o
pmc_disable_pck                                   src/ASF/sam/drivers/pmc/pmc.o
pmc_disable_periph_clk                            src/ASF/sam/drivers/pmc/pmc.o
                                                  src/ASF/sam/drivers/spi/spi.o
pmc_disable_pllack                                src/ASF/sam/drivers/pmc/pmc.o
                                                  src/ASF/sam/drivers/pmc/sleep.o
                                                  src/ASF/common/services/clock/same70/sysclk.o
pmc_disable_sclk_osc_freq_monitor                 src/ASF/sam/drivers/pmc/pmc.o
pmc_disable_sleepwalking                          src/ASF/sam/drivers/pmc/pmc.o